
Optional file libmchp_peripheral.a not found

Optional file libmchp_peripheral_32MX795F512L.a not found
Archive member included because of file (symbol)

c:/program files (x86)/microchip/xc32/v1.42/bin/bin/../../lib/gcc/pic32mx/4.8.3\libgcc.a(_udivdi3.o)
                              build/e16_encx24j600_spiflash/production/_ext/29024758/tfm.o (__udivdi3)
c:/program files (x86)/microchip/xc32/v1.42/bin/bin/../../lib/gcc/pic32mx/4.8.3\libgcc.a(floatunsisf.o)
                              build/e16_encx24j600_spiflash/production/_ext/1699919941/dh.o (__floatunsisf)
c:/program files (x86)/microchip/xc32/v1.42/bin/bin/../../lib/gcc/pic32mx/4.8.3/../../../../pic32mx/lib\libpic32.a(memcmp.o)
                              build/e16_encx24j600_spiflash/production/_ext/1360937237/custom_http_app.o (memcmp)
c:/program files (x86)/microchip/xc32/v1.42/bin/bin/../../lib/gcc/pic32mx/4.8.3/../../../../pic32mx/lib\libpic32.a(memcpy.o)
                              build/e16_encx24j600_spiflash/production/_ext/29024758/random.o (memcpy)
c:/program files (x86)/microchip/xc32/v1.42/bin/bin/../../lib/gcc/pic32mx/4.8.3/../../../../pic32mx/lib\libpic32.a(memset.o)
                              build/e16_encx24j600_spiflash/production/_ext/29024758/random.o (memset)
c:/program files (x86)/microchip/xc32/v1.42/bin/bin/../../lib/gcc/pic32mx/4.8.3/../../../../pic32mx/lib\libpic32.a(strcmp.o)
                              build/e16_encx24j600_spiflash/production/_ext/1360937237/custom_http_app.o (strcmp)
c:/program files (x86)/microchip/xc32/v1.42/bin/bin/../../lib/gcc/pic32mx/4.8.3/../../../../pic32mx/lib\libpic32.a(strcpy.o)
                              build/e16_encx24j600_spiflash/production/_ext/1891376032/sys_command.o (strcpy)
c:/program files (x86)/microchip/xc32/v1.42/bin/bin/../../lib/gcc/pic32mx/4.8.3/../../../../pic32mx/lib\libpic32.a(strlen.o)
                              build/e16_encx24j600_spiflash/production/_ext/1360937237/custom_http_app.o (strlen)
c:/program files (x86)/microchip/xc32/v1.42/bin/bin/../../lib/gcc/pic32mx/4.8.3/../../../../pic32mx/lib\libpic32.a(default-bootstrap-exception-handler.o)
                              c:/program files (x86)/microchip/xc32/v1.42/bin/bin/../../lib/gcc/pic32mx/4.8.3/../../../../pic32mx/lib/./proc/32MX795F512L/crt0_mips32r2.o (_bootstrap_exception_handler)
c:/program files (x86)/microchip/xc32/v1.42/bin/bin/../../lib/gcc/pic32mx/4.8.3/../../../../pic32mx/lib\libpic32.a(default-on-reset.o)
                              c:/program files (x86)/microchip/xc32/v1.42/bin/bin/../../lib/gcc/pic32mx/4.8.3/../../../../pic32mx/lib/./proc/32MX795F512L/crt0_mips32r2.o (_on_reset)
c:/program files (x86)/microchip/xc32/v1.42/bin/bin/../../lib/gcc/pic32mx/4.8.3/../../../../pic32mx/lib\libpic32.a(default-on-bootstrap.o)
                              c:/program files (x86)/microchip/xc32/v1.42/bin/bin/../../lib/gcc/pic32mx/4.8.3/../../../../pic32mx/lib/./proc/32MX795F512L/crt0_mips32r2.o (_on_bootstrap)
c:/program files (x86)/microchip/xc32/v1.42/bin/bin/../../lib/gcc/pic32mx/4.8.3/../../../../pic32mx/lib\libpic32.a(default-nmi-handler.o)
                              c:/program files (x86)/microchip/xc32/v1.42/bin/bin/../../lib/gcc/pic32mx/4.8.3/../../../../pic32mx/lib/./proc/32MX795F512L/crt0_mips32r2.o (_nmi_handler)
c:/program files (x86)/microchip/xc32/v1.42/bin/bin/../../lib/gcc/pic32mx/4.8.3/../../../../pic32mx/lib\libpic32.a(general-exception.o)
                              c:/program files (x86)/microchip/xc32/v1.42/bin/bin/../../lib/gcc/pic32mx/4.8.3/../../../../pic32mx/lib/./proc/32MX795F512L/crt0_mips32r2.o (_general_exception_context)
c:/program files (x86)/microchip/xc32/v1.42/bin/bin/../../lib/gcc/pic32mx/4.8.3/../../../../pic32mx/lib\libpic32.a(vector0.o)
                              c:/program files (x86)/microchip/xc32/v1.42/bin/bin/../../lib/gcc/pic32mx/4.8.3/../../../../pic32mx/lib/./proc/32MX795F512L\default_isr_vectors.o (__vector_dispatch_0)
c:/program files (x86)/microchip/xc32/v1.42/bin/bin/../../lib/gcc/pic32mx/4.8.3/../../../../pic32mx/lib\libpic32.a(vector1.o)
                              c:/program files (x86)/microchip/xc32/v1.42/bin/bin/../../lib/gcc/pic32mx/4.8.3/../../../../pic32mx/lib/./proc/32MX795F512L\default_isr_vectors.o (__vector_dispatch_1)
c:/program files (x86)/microchip/xc32/v1.42/bin/bin/../../lib/gcc/pic32mx/4.8.3/../../../../pic32mx/lib\libpic32.a(vector2.o)
                              c:/program files (x86)/microchip/xc32/v1.42/bin/bin/../../lib/gcc/pic32mx/4.8.3/../../../../pic32mx/lib/./proc/32MX795F512L\default_isr_vectors.o (__vector_dispatch_2)
c:/program files (x86)/microchip/xc32/v1.42/bin/bin/../../lib/gcc/pic32mx/4.8.3/../../../../pic32mx/lib\libpic32.a(vector3.o)
                              c:/program files (x86)/microchip/xc32/v1.42/bin/bin/../../lib/gcc/pic32mx/4.8.3/../../../../pic32mx/lib/./proc/32MX795F512L\default_isr_vectors.o (__vector_dispatch_3)
[...]
Memory Configuration

Name             Origin             Length             Attributes
kseg0_program_mem 0x9d000000         0x00080000         xr
kseg0_boot_mem   0x9fc00490         0x00000970
exception_mem    0x9fc01000         0x00001000
kseg1_boot_mem   0xbfc00000         0x00000490
debug_exec_mem   0xbfc02000         0x00000ff0
config3          0xbfc02ff0         0x00000004
config2          0xbfc02ff4         0x00000004
config1          0xbfc02ff8         0x00000004
config0          0xbfc02ffc         0x00000004
kseg1_data_mem   0xa0000000         0x00020000         w !x
sfrs             0xbf800000         0x00100000
configsfrs       0xbfc02ff0         0x00000010
*default*        0x00000000         0xffffffff

Linker script and memory map

LOAD c:/program files (x86)/microchip/xc32/v1.42/bin/bin/../../lib/gcc/pic32mx/4.8.3/../../../../pic32mx/lib/./proc/32MX795F512L/crt0_mips32r2.o
LOAD c:/program files (x86)/microchip/xc32/v1.42/bin/bin/../../lib/gcc/pic32mx/4.8.3/../../../../pic32mx/lib\debug-exception-return.o
LOAD build/e16_encx24j600_spiflash/production/_ext/1495834797/drv_flash_static.o
LOAD build/e16_encx24j600_spiflash/production/_ext/1676865386/drv_spi_tasks.o
LOAD build/e16_encx24j600_spiflash/production/_ext/1676865386/drv_spi_api.o
LOAD build/e16_encx24j600_spiflash/production/_ext/1676865386/drv_spi_master_ebm_tasks.o
LOAD build/e16_encx24j600_spiflash/production/_ext/1676865386/drv_spi_master_rm_tasks.o
LOAD build/e16_encx24j600_spiflash/production/_ext/971131287/net_pres_enc_glue.o
LOAD build/e16_encx24j600_spiflash/production/_ext/971131287/net_pres_cert_store.o
LOAD build/e16_encx24j600_spiflash/production/_ext/360868340/sys_clk_static.o
LOAD build/e16_encx24j600_spiflash/production/_ext/394705988/sys_ports_static.o
LOAD build/e16_encx24j600_spiflash/production/_ext/689678155/system_init.o
LOAD build/e16_encx24j600_spiflash/production/_ext/689678155/system_interrupt.o
LOAD build/e16_encx24j600_spiflash/production/_ext/689678155/system_exceptions.o
LOAD build/e16_encx24j600_spiflash/production/_ext/689678155/system_tasks.o
LOAD build/e16_encx24j600_spiflash/production/_ext/1360937237/app.o
LOAD build/e16_encx24j600_spiflash/production/_ext/1360937237/main.o
LOAD build/e16_encx24j600_spiflash/production/_ext/1360937237/http_print.o
LOAD build/e16_encx24j600_spiflash/production/_ext/1360937237/custom_http_app.o
LOAD build/e16_encx24j600_spiflash/production/_ext/1360937237/mpfs_img2.o
LOAD build/e16_encx24j600_spiflash/production/_ext/728775826/bsp_sys_init.o
LOAD build/e16_encx24j600_spiflash/production/_ext/29024758/random.o
LOAD build/e16_encx24j600_spiflash/production/_ext/29024758/arc4.o
LOAD build/e16_encx24j600_spiflash/production/_ext/29024758/crypto.o
LOAD build/e16_encx24j600_spiflash/production/_ext/29024758/md5.o
LOAD build/e16_encx24j600_spiflash/production/_ext/29024758/sha.o
LOAD build/e16_encx24j600_spiflash/production/_ext/29024758/coding.o
LOAD build/e16_encx24j600_spiflash/production/_ext/29024758/error.o
LOAD build/e16_encx24j600_spiflash/production/_ext/29024758/integer.o
LOAD build/e16_encx24j600_spiflash/production/_ext/29024758/logging.o
LOAD build/e16_encx24j600_spiflash/production/_ext/29024758/memory.o
LOAD build/e16_encx24j600_spiflash/production/_ext/29024758/misc.o
LOAD build/e16_encx24j600_spiflash/production/_ext/29024758/port.o
LOAD build/e16_encx24j600_spiflash/production/_ext/29024758/ecc.o
LOAD build/e16_encx24j600_spiflash/production/_ext/29024758/pwdbased.o
LOAD build/e16_encx24j600_spiflash/production/_ext/29024758/tfm.o
LOAD build/e16_encx24j600_spiflash/production/_ext/29024758/asn.o
LOAD build/e16_encx24j600_spiflash/production/_ext/29024758/des3.o
LOAD build/e16_encx24j600_spiflash/production/_ext/29024758/rsa.o
LOAD build/e16_encx24j600_spiflash/production/_ext/29024758/aes.o
LOAD build/e16_encx24j600_spiflash/production/_ext/29024758/sha256.o
LOAD build/e16_encx24j600_spiflash/production/_ext/29024758/sha512.o
LOAD build/e16_encx24j600_spiflash/production/_ext/29024758/hmac.o
LOAD build/e16_encx24j600_spiflash/production/_ext/29024758/hash.o
LOAD build/e16_encx24j600_spiflash/production/_ext/29024758/compress.o
LOAD build/e16_encx24j600_spiflash/production/_ext/2115314394/drv_encx24j600_spi_bus.o
LOAD build/e16_encx24j600_spiflash/production/_ext/1455582699/drv_encx24j600_closed_state.o
LOAD build/e16_encx24j600_spiflash/production/_ext/1730942135/drv_encx24j600_initialization_state.o
LOAD build/e16_encx24j600_spiflash/production/_ext/1730942135/drv_encx24j600_configure_state.o
LOAD build/e16_encx24j600_spiflash/production/_ext/1730942135/drv_encx24j600_detect_state.o
LOAD build/e16_encx24j600_spiflash/production/_ext/1730942135/drv_encx24j600_reset_state.o
LOAD build/e16_encx24j600_spiflash/production/_ext/1210338337/drv_encx24j600_tx_packet.o
LOAD build/e16_encx24j600_spiflash/production/_ext/1210338337/drv_encx24j600_rx_packet.o
LOAD build/e16_encx24j600_spiflash/production/_ext/1207282394/drv_encx24j600_running_state.o
LOAD build/e16_encx24j600_spiflash/production/_ext/1207282394/drv_encx24j600_change_duplex_state.o
LOAD build/e16_encx24j600_spiflash/production/_ext/1207282394/drv_encx24j600_check_int_state.o
LOAD build/e16_encx24j600_spiflash/production/_ext/1207282394/drv_encx24j600_check_status_state.o
LOAD build/e16_encx24j600_spiflash/production/_ext/1207282394/drv_encx24j600_check_tx_status_state.o
LOAD build/e16_encx24j600_spiflash/production/_ext/1207282394/drv_encx24j600_reset_rx_state.o
LOAD build/e16_encx24j600_spiflash/production/_ext/772120936/drv_encx24j600_api.o
LOAD build/e16_encx24j600_spiflash/production/_ext/772120936/drv_encx24j600_main_state.o
LOAD build/e16_encx24j600_spiflash/production/_ext/772120936/drv_encx24j600_utils.o
LOAD build/e16_encx24j600_spiflash/production/_ext/1324760662/drv_spi.o
LOAD build/e16_encx24j600_spiflash/production/_ext/1385053818/drv_spi_sys_queue_fifo.o
LOAD build/e16_encx24j600_spiflash/production/_ext/1112873152/drv_sst25vf016b.o
LOAD build/e16_encx24j600_spiflash/production/_ext/1335609251/SPIFlash.o
LOAD build/e16_encx24j600_spiflash/production/_ext/941160041/drv_tmr.o
LOAD build/e16_encx24j600_spiflash/production/_ext/821589181/drv_usart.o
LOAD build/e16_encx24j600_spiflash/production/_ext/821589181/drv_usart_buffer_queue.o
LOAD build/e16_encx24j600_spiflash/production/_ext/821589181/drv_usart_read_write.o
LOAD build/e16_encx24j600_spiflash/production/_ext/1595536294/UART.o
LOAD build/e16_encx24j600_spiflash/production/_ext/871719959/net_pres.o
LOAD build/e16_encx24j600_spiflash/production/_ext/1891376032/sys_command.o
LOAD build/e16_encx24j600_spiflash/production/_ext/598853952/sys_buffer.o
LOAD build/e16_encx24j600_spiflash/production/_ext/598853952/sys_queue.o
LOAD build/e16_encx24j600_spiflash/production/_ext/1434663852/sys_console.o
LOAD build/e16_encx24j600_spiflash/production/_ext/1434663852/sys_console_uart.o
LOAD build/e16_encx24j600_spiflash/production/_ext/2137108136/sys_debug.o
LOAD build/e16_encx24j600_spiflash/production/_ext/482662494/sys_devcon.o
LOAD build/e16_encx24j600_spiflash/production/_ext/482662494/sys_devcon_pic32mx.o
LOAD build/e16_encx24j600_spiflash/production/_ext/1750042194/sys_fs.o
LOAD build/e16_encx24j600_spiflash/production/_ext/1750042194/sys_fs_media_manager.o
LOAD build/e16_encx24j600_spiflash/production/_ext/614935175/mpfs.o
LOAD build/e16_encx24j600_spiflash/production/_ext/1042686532/sys_int_pic32.o
LOAD build/e16_encx24j600_spiflash/production/_ext/470001640/sys_random.o
LOAD build/e16_encx24j600_spiflash/production/_ext/64182180/sys_reset.o
LOAD build/e16_encx24j600_spiflash/production/_ext/2110151058/sys_tmr.o
LOAD build/e16_encx24j600_spiflash/production/_ext/1886247299/sys_fs_wrapper.o
LOAD build/e16_encx24j600_spiflash/production/_ext/1886247299/helpers.o
LOAD build/e16_encx24j600_spiflash/production/_ext/1164207549/tcp.o
LOAD build/e16_encx24j600_spiflash/production/_ext/1164207549/udp.o
LOAD build/e16_encx24j600_spiflash/production/_ext/1164207549/arp.o
LOAD build/e16_encx24j600_spiflash/production/_ext/1164207549/dhcp.o
LOAD build/e16_encx24j600_spiflash/production/_ext/1164207549/dns.o
LOAD build/e16_encx24j600_spiflash/production/_ext/1164207549/http.o
LOAD build/e16_encx24j600_spiflash/production/_ext/1164207549/nbns.o
LOAD build/e16_encx24j600_spiflash/production/_ext/1164207549/smtp.o
LOAD build/e16_encx24j600_spiflash/production/_ext/1164207549/tcpip_announce.o
LOAD build/e16_encx24j600_spiflash/production/_ext/1164207549/tcpip_commands.o
LOAD build/e16_encx24j600_spiflash/production/_ext/1164207549/hash_fnv.o
LOAD build/e16_encx24j600_spiflash/production/_ext/1164207549/oahash.o
LOAD build/e16_encx24j600_spiflash/production/_ext/1164207549/tcpip_heap_alloc.o
LOAD build/e16_encx24j600_spiflash/production/_ext/1164207549/tcpip_helpers.o
LOAD build/e16_encx24j600_spiflash/production/_ext/1164207549/tcpip_helper_c32.o
LOAD build/e16_encx24j600_spiflash/production/_ext/1164207549/tcpip_manager.o
LOAD build/e16_encx24j600_spiflash/production/_ext/1164207549/tcpip_notify.o
LOAD build/e16_encx24j600_spiflash/production/_ext/1164207549/tcpip_packet.o
LOAD build/e16_encx24j600_spiflash/production/_ext/1164207549/ipv4.o
LOAD build/e16_encx24j600_spiflash/production/_ext/1164207549/sntp.o
LOAD build/e16_encx24j600_spiflash/production/_ext/1164207549/tcpip_heap_internal.o
LOAD build/e16_encx24j600_spiflash/production/_ext/1164207549/icmp.o
LOAD build/e16_encx24j600_spiflash/production/_ext/1164207549/dhcps.o
LOAD build/e16_encx24j600_spiflash/production/_ext/1164207549/ddns.o
LOAD build/e16_encx24j600_spiflash/production/_ext/1699919941/asm.o
LOAD build/e16_encx24j600_spiflash/production/_ext/1699919941/blake2b.o
LOAD build/e16_encx24j600_spiflash/production/_ext/1699919941/camellia.o
LOAD build/e16_encx24j600_spiflash/production/_ext/1699919941/chacha.o
LOAD build/e16_encx24j600_spiflash/production/_ext/1699919941/chacha20_poly1305.o
LOAD build/e16_encx24j600_spiflash/production/_ext/1699919941/curve25519.o
LOAD build/e16_encx24j600_spiflash/production/_ext/1699919941/dh.o
LOAD build/e16_encx24j600_spiflash/production/_ext/1699919941/dsa.o
LOAD build/e16_encx24j600_spiflash/production/_ext/1699919941/ecc_fp.o
LOAD build/e16_encx24j600_spiflash/production/_ext/1699919941/ed25519.o
LOAD build/e16_encx24j600_spiflash/production/_ext/1699919941/fe_low_mem.o
LOAD build/e16_encx24j600_spiflash/production/_ext/1699919941/fe_operations.o
LOAD build/e16_encx24j600_spiflash/production/_ext/1699919941/ge_low_mem.o
LOAD build/e16_encx24j600_spiflash/production/_ext/1699919941/ge_operations.o
LOAD build/e16_encx24j600_spiflash/production/_ext/1699919941/hc128.o
LOAD build/e16_encx24j600_spiflash/production/_ext/1699919941/md2.o
LOAD build/e16_encx24j600_spiflash/production/_ext/1699919941/md4.o
LOAD build/e16_encx24j600_spiflash/production/_ext/1699919941/pkcs7.o
LOAD build/e16_encx24j600_spiflash/production/_ext/1699919941/poly1305.o
LOAD build/e16_encx24j600_spiflash/production/_ext/1699919941/rabbit.o
LOAD build/e16_encx24j600_spiflash/production/_ext/1699919941/ripemd.o
LOAD build/e16_encx24j600_spiflash/production/_ext/615233400/crl.o
LOAD build/e16_encx24j600_spiflash/production/_ext/615233400/internal.o
LOAD build/e16_encx24j600_spiflash/production/_ext/615233400/io.o
LOAD build/e16_encx24j600_spiflash/production/_ext/615233400/keys.o
LOAD build/e16_encx24j600_spiflash/production/_ext/615233400/ocsp.o
LOAD build/e16_encx24j600_spiflash/production/_ext/615233400/sniffer.o
LOAD build/e16_encx24j600_spiflash/production/_ext/615233400/ssl.o
LOAD build/e16_encx24j600_spiflash/production/_ext/615233400/tls.o
LOAD build/e16_encx24j600_spiflash/production/_ext/29024758/asm.o
LOAD ..\..\..\..\..\bin\framework\peripheral\PIC32MX795F512L_peripherals.a
LOAD ..\..\..\..\..\framework\tcpip\src\crypto\aes_pic32mx.a
                0x00000001                __MPLAB_BUILD = 0x1
                0x000102c8                _min_heap_size = 0x102c8
LOAD c:/program files (x86)/microchip/xc32/v1.42/bin/bin/../../lib/gcc/pic32mx/4.8.3/../../../../pic32mx/lib/./proc/32MX795F512L\default_isr_vectors.o
LOAD c:/program files (x86)/microchip/xc32/v1.42/bin/bin/../../lib/gcc/pic32mx/4.8.3/../../../../pic32mx/lib\pic32_software_reset.o
                0x00000400                PROVIDE (_min_stack_size, 0x400)
LOAD c:/program files (x86)/microchip/xc32/v1.42/bin/bin/../../lib/gcc/pic32mx/4.8.3/../../../../pic32mx/lib/./proc/32MX795F512L\processor.o
START GROUP
LOAD libmchp_peripheral.a
END GROUP
START GROUP
LOAD libmchp_peripheral_32MX795F512L.a
END GROUP
                0x00000001                PROVIDE (_vector_spacing, 0x1)
                0x9fc01000                PROVIDE (_ebase_address, 0x9fc01000)
                0xbfc00000                _RESET_ADDR = 0xbfc00000
                0xbfc00380                _BEV_EXCPT_ADDR = 0xbfc00380
                0xbfc00480                _DBG_EXCPT_ADDR = 0xbfc00480
                0xbfc02000                _DBG_CODE_ADDR = 0xbfc02000
                0x00000ff0                _DBG_CODE_SIZE = 0xff0
                0x9fc01180                _GEN_EXCPT_ADDR = (_ebase_address + 0x180)

.config_BFC02FF0
                0xbfc02ff0        0x4
 *(.config_BFC02FF0)
 .config_BFC02FF0
                0xbfc02ff0        0x4 build/e16_encx24j600_spiflash/production/_ext/689678155/system_init.o

.config_BFC02FF4
                0xbfc02ff4        0x4
 *(.config_BFC02FF4)
 .config_BFC02FF4
                0xbfc02ff4        0x4 build/e16_encx24j600_spiflash/production/_ext/689678155/system_init.o

.config_BFC02FF8
                0xbfc02ff8        0x4
 *(.config_BFC02FF8)
 .config_BFC02FF8
                0xbfc02ff8        0x4 build/e16_encx24j600_spiflash/production/_ext/689678155/system_init.o

.config_BFC02FFC
                0xbfc02ffc        0x4
 *(.config_BFC02FFC)
 .config_BFC02FFC
                0xbfc02ffc        0x4 build/e16_encx24j600_spiflash/production/_ext/689678155/system_init.o
                0xbfc02000                PROVIDE (_DBG_CODE_ADDR, 0xbfc02000)
                0x00000ff0                PROVIDE (_DBG_CODE_SIZE, 0xff0)

.reset          0xbfc00000      0x208
 *(.reset)
 .reset         0xbfc00000        0x8 c:/program files (x86)/microchip/xc32/v1.42/bin/bin/../../lib/gcc/pic32mx/4.8.3/../../../../pic32mx/lib/./proc/32MX795F512L/crt0_mips32r2.o
                0xbfc00000                _reset
 *(.reset.startup)
 .reset.startup
                0xbfc00008      0x200 c:/program files (x86)/microchip/xc32/v1.42/bin/bin/../../lib/gcc/pic32mx/4.8.3/../../../../pic32mx/lib/./proc/32MX795F512L/crt0_mips32r2.o

.bev_excpt      0xbfc00380       0x10
 *(.bev_handler)
 .bev_handler   0xbfc00380       0x10 c:/program files (x86)/microchip/xc32/v1.42/bin/bin/../../lib/gcc/pic32mx/4.8.3/../../../../pic32mx/lib/./proc/32MX795F512L/crt0_mips32r2.o

.dbg_excpt      0xbfc00480        0x0
                0xbfc00480                . = (. + DEFINED (_DEBUGGER)?0x8:0x0)

.dbg_code       0xbfc02000        0x0
                0xbfc02000                . = (. + DEFINED (_DEBUGGER)?_DBG_CODE_SIZE:0x0)

.app_excpt      0x9fc01180       0x10
 *(.gen_handler)
 .gen_handler   0x9fc01180       0x10 c:/program files (x86)/microchip/xc32/v1.42/bin/bin/../../lib/gcc/pic32mx/4.8.3/../../../../pic32mx/lib/./proc/32MX795F512L/crt0_mips32r2.o

.vector_0       0x9fc01200        0x8
 *(.vector_0)
 .vector_0      0x9fc01200        0x8 c:/program files (x86)/microchip/xc32/v1.42/bin/bin/../../lib/gcc/pic32mx/4.8.3/../../../../pic32mx/lib\libpic32.a(vector0.o)
                0x9fc01200                __vector_dispatch_0
                0x00000001                ASSERT (((_vector_spacing == 0x0) || (SIZEOF (.vector_0) <= (_vector_spacing << 0x5))), function at exception vector 0 too large)

.vector_1       0x9fc01220        0x8
 *(.vector_1)
 .vector_1      0x9fc01220        0x8 c:/program files (x86)/microchip/xc32/v1.42/bin/bin/../../lib/gcc/pic32mx/4.8.3/../../../../pic32mx/lib\libpic32.a(vector1.o)
                0x9fc01220                __vector_dispatch_1
                0x00000001                ASSERT (((_vector_spacing == 0x0) || (SIZEOF (.vector_1) <= (_vector_spacing << 0x5))), function at exception vector 1 too large)

.vector_2       0x9fc01240        0x8
 *(.vector_2)
 .vector_2      0x9fc01240        0x8 c:/program files (x86)/microchip/xc32/v1.42/bin/bin/../../lib/gcc/pic32mx/4.8.3/../../../../pic32mx/lib\libpic32.a(vector2.o)
                0x9fc01240                __vector_dispatch_2
                0x00000001                ASSERT (((_vector_spacing == 0x0) || (SIZEOF (.vector_2) <= (_vector_spacing << 0x5))), function at exception vector 2 too large)

.vector_3       0x9fc01260        0x8
 *(.vector_3)
 .vector_3      0x9fc01260        0x8 c:/program files (x86)/microchip/xc32/v1.42/bin/bin/../../lib/gcc/pic32mx/4.8.3/../../../../pic32mx/lib\libpic32.a(vector3.o)
                0x9fc01260                __vector_dispatch_3
                0x00000001                ASSERT (((_vector_spacing == 0x0) || (SIZEOF (.vector_3) <= (_vector_spacing << 0x5))), function at exception vector 3 too large)

.vector_4       0x9fc01280        0x8
 *(.vector_4)
 .vector_4      0x9fc01280        0x8 c:/program files (x86)/microchip/xc32/v1.42/bin/bin/../../lib/gcc/pic32mx/4.8.3/../../../../pic32mx/lib\libpic32.a(vector4.o)
                0x9fc01280                __vector_dispatch_4
                0x00000001                ASSERT (((_vector_spacing == 0x0) || (SIZEOF (.vector_4) <= (_vector_spacing << 0x5))), function at exception vector 4 too large)

.vector_5       0x9fc012a0        0x8
 *(.vector_5)
 .vector_5      0x9fc012a0        0x8 c:/program files (x86)/microchip/xc32/v1.42/bin/bin/../../lib/gcc/pic32mx/4.8.3/../../../../pic32mx/lib\libpic32.a(vector5.o)
                0x9fc012a0                __vector_dispatch_5
                0x00000001                ASSERT (((_vector_spacing == 0x0) || (SIZEOF (.vector_5) <= (_vector_spacing << 0x5))), function at exception vector 5 too large)

.vector_6       0x9fc012c0        0x8
 *(.vector_6)
 .vector_6      0x9fc012c0        0x8 c:/program files (x86)/microchip/xc32/v1.42/bin/bin/../../lib/gcc/pic32mx/4.8.3/../../../../pic32mx/lib\libpic32.a(vector6.o)
                0x9fc012c0                __vector_dispatch_6
                0x00000001                ASSERT (((_vector_spacing == 0x0) || (SIZEOF (.vector_6) <= (_vector_spacing << 0x5))), function at exception vector 6 too large)

.vector_7       0x9fc012e0        0x8
 *(.vector_7)
 .vector_7      0x9fc012e0        0x8 c:/program files (x86)/microchip/xc32/v1.42/bin/bin/../../lib/gcc/pic32mx/4.8.3/../../../../pic32mx/lib\libpic32.a(vector7.o)
                0x9fc012e0                __vector_dispatch_7
                0x00000001                ASSERT (((_vector_spacing == 0x0) || (SIZEOF (.vector_7) <= (_vector_spacing << 0x5))), function at exception vector 7 too large)

.vector_8       0x9fc01300        0x8
 *(.vector_8)
 .vector_8      0x9fc01300        0x8 build/e16_encx24j600_spiflash/production/_ext/689678155/system_interrupt.o
                0x9fc01300                __vector_dispatch_8
                0x00000001                ASSERT (((_vector_spacing == 0x0) || (SIZEOF (.vector_8) <= (_vector_spacing << 0x5))), function at exception vector 8 too large)

.vector_9       0x9fc01320        0x8
 *(.vector_9)
 .vector_9      0x9fc01320        0x8 c:/program files (x86)/microchip/xc32/v1.42/bin/bin/../../lib/gcc/pic32mx/4.8.3/../../../../pic32mx/lib\libpic32.a(vector9.o)
                0x9fc01320                __vector_dispatch_9
                0x00000001                ASSERT (((_vector_spacing == 0x0) || (SIZEOF (.vector_9) <= (_vector_spacing << 0x5))), function at exception vector 9 too large)

.vector_10      0x9fc01340        0x8
 *(.vector_10)
 .vector_10     0x9fc01340        0x8 c:/program files (x86)/microchip/xc32/v1.42/bin/bin/../../lib/gcc/pic32mx/4.8.3/../../../../pic32mx/lib\libpic32.a(vector10.o)
                0x9fc01340                __vector_dispatch_10
                0x00000001                ASSERT (((_vector_spacing == 0x0) || (SIZEOF (.vector_10) <= (_vector_spacing << 0x5))), function at exception vector 10 too large)

.vector_11      0x9fc01360        0x8
 *(.vector_11)
 .vector_11     0x9fc01360        0x8 c:/program files (x86)/microchip/xc32/v1.42/bin/bin/../../lib/gcc/pic32mx/4.8.3/../../../../pic32mx/lib\libpic32.a(vector11.o)
                0x9fc01360                __vector_dispatch_11
                0x00000001                ASSERT (((_vector_spacing == 0x0) || (SIZEOF (.vector_11) <= (_vector_spacing << 0x5))), function at exception vector 11 too large)

.vector_12      0x9fc01380        0x8
 *(.vector_12)
 .vector_12     0x9fc01380        0x8 c:/program files (x86)/microchip/xc32/v1.42/bin/bin/../../lib/gcc/pic32mx/4.8.3/../../../../pic32mx/lib\libpic32.a(vector12.o)
                0x9fc01380                __vector_dispatch_12
                0x00000001                ASSERT (((_vector_spacing == 0x0) || (SIZEOF (.vector_12) <= (_vector_spacing << 0x5))), function at exception vector 12 too large)

.vector_13      0x9fc013a0        0x8
 *(.vector_13)
 .vector_13     0x9fc013a0        0x8 c:/program files (x86)/microchip/xc32/v1.42/bin/bin/../../lib/gcc/pic32mx/4.8.3/../../../../pic32mx/lib\libpic32.a(vector13.o)
                0x9fc013a0                __vector_dispatch_13
                0x00000001                ASSERT (((_vector_spacing == 0x0) || (SIZEOF (.vector_13) <= (_vector_spacing << 0x5))), function at exception vector 13 too large)

.vector_14      0x9fc013c0        0x8
 *(.vector_14)
 .vector_14     0x9fc013c0        0x8 c:/program files (x86)/microchip/xc32/v1.42/bin/bin/../../lib/gcc/pic32mx/4.8.3/../../../../pic32mx/lib\libpic32.a(vector14.o)
                0x9fc013c0                __vector_dispatch_14
                0x00000001                ASSERT (((_vector_spacing == 0x0) || (SIZEOF (.vector_14) <= (_vector_spacing << 0x5))), function at exception vector 14 too large)

.vector_15      0x9fc013e0        0x8
 *(.vector_15)
 .vector_15     0x9fc013e0        0x8 c:/program files (x86)/microchip/xc32/v1.42/bin/bin/../../lib/gcc/pic32mx/4.8.3/../../../../pic32mx/lib\libpic32.a(vector15.o)
                0x9fc013e0                __vector_dispatch_15
                0x00000001                ASSERT (((_vector_spacing == 0x0) || (SIZEOF (.vector_15) <= (_vector_spacing << 0x5))), function at exception vector 15 too large)

.vector_16      0x9fc01400        0x8
 *(.vector_16)
 .vector_16     0x9fc01400        0x8 c:/program files (x86)/microchip/xc32/v1.42/bin/bin/../../lib/gcc/pic32mx/4.8.3/../../../../pic32mx/lib\libpic32.a(vector16.o)
                0x9fc01400                __vector_dispatch_16
                0x00000001                ASSERT (((_vector_spacing == 0x0) || (SIZEOF (.vector_16) <= (_vector_spacing << 0x5))), function at exception vector 16 too large)

.vector_17      0x9fc01420        0x8
 *(.vector_17)
 .vector_17     0x9fc01420        0x8 c:/program files (x86)/microchip/xc32/v1.42/bin/bin/../../lib/gcc/pic32mx/4.8.3/../../../../pic32mx/lib\libpic32.a(vector17.o)
                0x9fc01420                __vector_dispatch_17
                0x00000001                ASSERT (((_vector_spacing == 0x0) || (SIZEOF (.vector_17) <= (_vector_spacing << 0x5))), function at exception vector 17 too large)

.vector_18      0x9fc01440        0x8
 *(.vector_18)
 .vector_18     0x9fc01440        0x8 c:/program files (x86)/microchip/xc32/v1.42/bin/bin/../../lib/gcc/pic32mx/4.8.3/../../../../pic32mx/lib\libpic32.a(vector18.o)
                0x9fc01440                __vector_dispatch_18
                0x00000001                ASSERT (((_vector_spacing == 0x0) || (SIZEOF (.vector_18) <= (_vector_spacing << 0x5))), function at exception vector 18 too large)

.vector_19      0x9fc01460        0x8
 *(.vector_19)
 .vector_19     0x9fc01460        0x8 c:/program files (x86)/microchip/xc32/v1.42/bin/bin/../../lib/gcc/pic32mx/4.8.3/../../../../pic32mx/lib\libpic32.a(vector19.o)
                0x9fc01460                __vector_dispatch_19
                0x00000001                ASSERT (((_vector_spacing == 0x0) || (SIZEOF (.vector_19) <= (_vector_spacing << 0x5))), function at exception vector 19 too large)

.vector_20      0x9fc01480        0x8
 *(.vector_20)
 .vector_20     0x9fc01480        0x8 c:/program files (x86)/microchip/xc32/v1.42/bin/bin/../../lib/gcc/pic32mx/4.8.3/../../../../pic32mx/lib\libpic32.a(vector20.o)
                0x9fc01480                __vector_dispatch_20
                0x00000001                ASSERT (((_vector_spacing == 0x0) || (SIZEOF (.vector_20) <= (_vector_spacing << 0x5))), function at exception vector 20 too large)

.vector_21      0x9fc014a0        0x8
 *(.vector_21)
 .vector_21     0x9fc014a0        0x8 c:/program files (x86)/microchip/xc32/v1.42/bin/bin/../../lib/gcc/pic32mx/4.8.3/../../../../pic32mx/lib\libpic32.a(vector21.o)
                0x9fc014a0                __vector_dispatch_21
                0x00000001                ASSERT (((_vector_spacing == 0x0) || (SIZEOF (.vector_21) <= (_vector_spacing << 0x5))), function at exception vector 21 too large)

.vector_22      0x9fc014c0        0x8
 *(.vector_22)
 .vector_22     0x9fc014c0        0x8 c:/program files (x86)/microchip/xc32/v1.42/bin/bin/../../lib/gcc/pic32mx/4.8.3/../../../../pic32mx/lib\libpic32.a(vector22.o)
                0x9fc014c0                __vector_dispatch_22
                0x00000001                ASSERT (((_vector_spacing == 0x0) || (SIZEOF (.vector_22) <= (_vector_spacing << 0x5))), function at exception vector 22 too large)

.vector_23      0x9fc014e0        0x8
 *(.vector_23)
 .vector_23     0x9fc014e0        0x8 build/e16_encx24j600_spiflash/production/_ext/689678155/system_interrupt.o
                0x9fc014e0                __vector_dispatch_23
                0x00000001                ASSERT (((_vector_spacing == 0x0) || (SIZEOF (.vector_23) <= (_vector_spacing << 0x5))), function at exception vector 23 too large)

.vector_24      0x9fc01500        0x8
 *(.vector_24)
 .vector_24     0x9fc01500        0x8 c:/program files (x86)/microchip/xc32/v1.42/bin/bin/../../lib/gcc/pic32mx/4.8.3/../../../../pic32mx/lib\libpic32.a(vector24.o)
                0x9fc01500                __vector_dispatch_24
                0x00000001                ASSERT (((_vector_spacing == 0x0) || (SIZEOF (.vector_24) <= (_vector_spacing << 0x5))), function at exception vector 24 too large)

.vector_25      0x9fc01520        0x8
 *(.vector_25)
 .vector_25     0x9fc01520        0x8 c:/program files (x86)/microchip/xc32/v1.42/bin/bin/../../lib/gcc/pic32mx/4.8.3/../../../../pic32mx/lib\libpic32.a(vector25.o)
                0x9fc01520                __vector_dispatch_25
                0x00000001                ASSERT (((_vector_spacing == 0x0) || (SIZEOF (.vector_25) <= (_vector_spacing << 0x5))), function at exception vector 25 too large)

.vector_26      0x9fc01540        0x8
 *(.vector_26)
 .vector_26     0x9fc01540        0x8 c:/program files (x86)/microchip/xc32/v1.42/bin/bin/../../lib/gcc/pic32mx/4.8.3/../../../../pic32mx/lib\libpic32.a(vector26.o)
                0x9fc01540                __vector_dispatch_26
                0x00000001                ASSERT (((_vector_spacing == 0x0) || (SIZEOF (.vector_26) <= (_vector_spacing << 0x5))), function at exception vector 26 too large)

.vector_27      0x9fc01560        0x8
 *(.vector_27)
 .vector_27     0x9fc01560        0x8 c:/program files (x86)/microchip/xc32/v1.42/bin/bin/../../lib/gcc/pic32mx/4.8.3/../../../../pic32mx/lib\libpic32.a(vector27.o)
                0x9fc01560                __vector_dispatch_27
                0x00000001                ASSERT (((_vector_spacing == 0x0) || (SIZEOF (.vector_27) <= (_vector_spacing << 0x5))), function at exception vector 27 too large)

.vector_28      0x9fc01580        0x8
 *(.vector_28)
 .vector_28     0x9fc01580        0x8 c:/program files (x86)/microchip/xc32/v1.42/bin/bin/../../lib/gcc/pic32mx/4.8.3/../../../../pic32mx/lib\libpic32.a(vector28.o)
                0x9fc01580                __vector_dispatch_28
                0x00000001                ASSERT (((_vector_spacing == 0x0) || (SIZEOF (.vector_28) <= (_vector_spacing << 0x5))), function at exception vector 28 too large)

.vector_29      0x9fc015a0        0x8
 *(.vector_29)
 .vector_29     0x9fc015a0        0x8 c:/program files (x86)/microchip/xc32/v1.42/bin/bin/../../lib/gcc/pic32mx/4.8.3/../../../../pic32mx/lib\libpic32.a(vector29.o)
                0x9fc015a0                __vector_dispatch_29
                0x00000001                ASSERT (((_vector_spacing == 0x0) || (SIZEOF (.vector_29) <= (_vector_spacing << 0x5))), function at exception vector 29 too large)

.vector_30      0x9fc015c0        0x8
 *(.vector_30)
 .vector_30     0x9fc015c0        0x8 c:/program files (x86)/microchip/xc32/v1.42/bin/bin/../../lib/gcc/pic32mx/4.8.3/../../../../pic32mx/lib\libpic32.a(vector30.o)
                0x9fc015c0                __vector_dispatch_30
                0x00000001                ASSERT (((_vector_spacing == 0x0) || (SIZEOF (.vector_30) <= (_vector_spacing << 0x5))), function at exception vector 30 too large)

.vector_31      0x9fc015e0        0x8
 *(.vector_31)
 .vector_31     0x9fc015e0        0x8 build/e16_encx24j600_spiflash/production/_ext/689678155/system_interrupt.o
                0x9fc015e0                __vector_dispatch_31
                0x00000001                ASSERT (((_vector_spacing == 0x0) || (SIZEOF (.vector_31) <= (_vector_spacing << 0x5))), function at exception vector 31 too large)

.vector_32      0x9fc01600        0x8
 *(.vector_32)
 .vector_32     0x9fc01600        0x8 build/e16_encx24j600_spiflash/production/_ext/689678155/system_interrupt.o
                0x9fc01600                __vector_dispatch_32
                0x00000001                ASSERT (((_vector_spacing == 0x0) || (SIZEOF (.vector_32) <= (_vector_spacing << 0x5))), function at exception vector 32 too large)

.vector_33      0x9fc01620        0x8
 *(.vector_33)
 .vector_33     0x9fc01620        0x8 c:/program files (x86)/microchip/xc32/v1.42/bin/bin/../../lib/gcc/pic32mx/4.8.3/../../../../pic32mx/lib\libpic32.a(vector33.o)
                0x9fc01620                __vector_dispatch_33
                0x00000001                ASSERT (((_vector_spacing == 0x0) || (SIZEOF (.vector_33) <= (_vector_spacing << 0x5))), function at exception vector 33 too large)

.vector_34      0x9fc01640        0x8
 *(.vector_34)
 .vector_34     0x9fc01640        0x8 c:/program files (x86)/microchip/xc32/v1.42/bin/bin/../../lib/gcc/pic32mx/4.8.3/../../../../pic32mx/lib\libpic32.a(vector34.o)
                0x9fc01640                __vector_dispatch_34
                0x00000001                ASSERT (((_vector_spacing == 0x0) || (SIZEOF (.vector_34) <= (_vector_spacing << 0x5))), function at exception vector 34 too large)

.vector_35      0x9fc01660        0x8
 *(.vector_35)
 .vector_35     0x9fc01660        0x8 c:/program files (x86)/microchip/xc32/v1.42/bin/bin/../../lib/gcc/pic32mx/4.8.3/../../../../pic32mx/lib\libpic32.a(vector35.o)
                0x9fc01660                __vector_dispatch_35
                0x00000001                ASSERT (((_vector_spacing == 0x0) || (SIZEOF (.vector_35) <= (_vector_spacing << 0x5))), function at exception vector 35 too large)

.vector_36      0x9fc01680        0x8
 *(.vector_36)
 .vector_36     0x9fc01680        0x8 c:/program files (x86)/microchip/xc32/v1.42/bin/bin/../../lib/gcc/pic32mx/4.8.3/../../../../pic32mx/lib\libpic32.a(vector36.o)
                0x9fc01680                __vector_dispatch_36
                0x00000001                ASSERT (((_vector_spacing == 0x0) || (SIZEOF (.vector_36) <= (_vector_spacing << 0x5))), function at exception vector 36 too large)

.vector_37      0x9fc016a0        0x8
 *(.vector_37)
 .vector_37     0x9fc016a0        0x8 c:/program files (x86)/microchip/xc32/v1.42/bin/bin/../../lib/gcc/pic32mx/4.8.3/../../../../pic32mx/lib\libpic32.a(vector37.o)
                0x9fc016a0                __vector_dispatch_37
                0x00000001                ASSERT (((_vector_spacing == 0x0) || (SIZEOF (.vector_37) <= (_vector_spacing << 0x5))), function at exception vector 37 too large)

.vector_38      0x9fc016c0        0x8
 *(.vector_38)
 .vector_38     0x9fc016c0        0x8 c:/program files (x86)/microchip/xc32/v1.42/bin/bin/../../lib/gcc/pic32mx/4.8.3/../../../../pic32mx/lib\libpic32.a(vector38.o)
                0x9fc016c0                __vector_dispatch_38
                0x00000001                ASSERT (((_vector_spacing == 0x0) || (SIZEOF (.vector_38) <= (_vector_spacing << 0x5))), function at exception vector 38 too large)

.vector_39      0x9fc016e0        0x8
 *(.vector_39)
 .vector_39     0x9fc016e0        0x8 c:/program files (x86)/microchip/xc32/v1.42/bin/bin/../../lib/gcc/pic32mx/4.8.3/../../../../pic32mx/lib\libpic32.a(vector39.o)
                0x9fc016e0                __vector_dispatch_39
                0x00000001                ASSERT (((_vector_spacing == 0x0) || (SIZEOF (.vector_39) <= (_vector_spacing << 0x5))), function at exception vector 39 too large)

.vector_40      0x9fc01700        0x8
 *(.vector_40)
 .vector_40     0x9fc01700        0x8 c:/program files (x86)/microchip/xc32/v1.42/bin/bin/../../lib/gcc/pic32mx/4.8.3/../../../../pic32mx/lib\libpic32.a(vector40.o)
                0x9fc01700                __vector_dispatch_40
                0x00000001                ASSERT (((_vector_spacing == 0x0) || (SIZEOF (.vector_40) <= (_vector_spacing << 0x5))), function at exception vector 40 too large)

.vector_41      0x9fc01720        0x8
 *(.vector_41)
 .vector_41     0x9fc01720        0x8 c:/program files (x86)/microchip/xc32/v1.42/bin/bin/../../lib/gcc/pic32mx/4.8.3/../../../../pic32mx/lib\libpic32.a(vector41.o)
                0x9fc01720                __vector_dispatch_41
                0x00000001                ASSERT (((_vector_spacing == 0x0) || (SIZEOF (.vector_41) <= (_vector_spacing << 0x5))), function at exception vector 41 too large)

.vector_42      0x9fc01740        0x8
 *(.vector_42)
 .vector_42     0x9fc01740        0x8 c:/program files (x86)/microchip/xc32/v1.42/bin/bin/../../lib/gcc/pic32mx/4.8.3/../../../../pic32mx/lib\libpic32.a(vector42.o)
                0x9fc01740                __vector_dispatch_42
                0x00000001                ASSERT (((_vector_spacing == 0x0) || (SIZEOF (.vector_42) <= (_vector_spacing << 0x5))), function at exception vector 42 too large)

.vector_43      0x9fc01760        0x8
 *(.vector_43)
 .vector_43     0x9fc01760        0x8 c:/program files (x86)/microchip/xc32/v1.42/bin/bin/../../lib/gcc/pic32mx/4.8.3/../../../../pic32mx/lib\libpic32.a(vector43.o)
                0x9fc01760                __vector_dispatch_43
                0x00000001                ASSERT (((_vector_spacing == 0x0) || (SIZEOF (.vector_43) <= (_vector_spacing << 0x5))), function at exception vector 43 too large)

.vector_44      0x9fc01780        0x8
 *(.vector_44)
 .vector_44     0x9fc01780        0x8 c:/program files (x86)/microchip/xc32/v1.42/bin/bin/../../lib/gcc/pic32mx/4.8.3/../../../../pic32mx/lib\libpic32.a(vector44.o)
                0x9fc01780                __vector_dispatch_44
                0x00000001                ASSERT (((_vector_spacing == 0x0) || (SIZEOF (.vector_44) <= (_vector_spacing << 0x5))), function at exception vector 44 too large)

.vector_45      0x9fc017a0        0x8
 *(.vector_45)
 .vector_45     0x9fc017a0        0x8 c:/program files (x86)/microchip/xc32/v1.42/bin/bin/../../lib/gcc/pic32mx/4.8.3/../../../../pic32mx/lib\libpic32.a(vector45.o)
                0x9fc017a0                __vector_dispatch_45
                0x00000001                ASSERT (((_vector_spacing == 0x0) || (SIZEOF (.vector_45) <= (_vector_spacing << 0x5))), function at exception vector 45 too large)

.vector_46      0x9fc017c0        0x8
 *(.vector_46)
 .vector_46     0x9fc017c0        0x8 c:/program files (x86)/microchip/xc32/v1.42/bin/bin/../../lib/gcc/pic32mx/4.8.3/../../../../pic32mx/lib\libpic32.a(vector46.o)
                0x9fc017c0                __vector_dispatch_46
                0x00000001                ASSERT (((_vector_spacing == 0x0) || (SIZEOF (.vector_46) <= (_vector_spacing << 0x5))), function at exception vector 46 too large)

.vector_47      0x9fc017e0        0x8
 *(.vector_47)
 .vector_47     0x9fc017e0        0x8 c:/program files (x86)/microchip/xc32/v1.42/bin/bin/../../lib/gcc/pic32mx/4.8.3/../../../../pic32mx/lib\libpic32.a(vector47.o)
                0x9fc017e0                __vector_dispatch_47
                0x00000001                ASSERT (((_vector_spacing == 0x0) || (SIZEOF (.vector_47) <= (_vector_spacing << 0x5))), function at exception vector 47 too large)

.vector_48      0x9fc01800        0x8
 *(.vector_48)
 .vector_48     0x9fc01800        0x8 c:/program files (x86)/microchip/xc32/v1.42/bin/bin/../../lib/gcc/pic32mx/4.8.3/../../../../pic32mx/lib\libpic32.a(vector48.o)
                0x9fc01800                __vector_dispatch_48
                0x00000001                ASSERT (((_vector_spacing == 0x0) || (SIZEOF (.vector_48) <= (_vector_spacing << 0x5))), function at exception vector 48 too large)

.vector_49      0x9fc01820        0x8
 *(.vector_49)
 .vector_49     0x9fc01820        0x8 c:/program files (x86)/microchip/xc32/v1.42/bin/bin/../../lib/gcc/pic32mx/4.8.3/../../../../pic32mx/lib\libpic32.a(vector49.o)
                0x9fc01820                __vector_dispatch_49
                0x00000001                ASSERT (((_vector_spacing == 0x0) || (SIZEOF (.vector_49) <= (_vector_spacing << 0x5))), function at exception vector 49 too large)

.vector_50      0x9fc01840        0x8
 *(.vector_50)
 .vector_50     0x9fc01840        0x8 c:/program files (x86)/microchip/xc32/v1.42/bin/bin/../../lib/gcc/pic32mx/4.8.3/../../../../pic32mx/lib\libpic32.a(vector50.o)
                0x9fc01840                __vector_dispatch_50
                0x00000001                ASSERT (((_vector_spacing == 0x0) || (SIZEOF (.vector_50) <= (_vector_spacing << 0x5))), function at exception vector 50 too large)

.vector_51      0x9fc01860        0x8
 *(.vector_51)
 .vector_51     0x9fc01860        0x8 c:/program files (x86)/microchip/xc32/v1.42/bin/bin/../../lib/gcc/pic32mx/4.8.3/../../../../pic32mx/lib\libpic32.a(vector51.o)
                0x9fc01860                __vector_dispatch_51
                0x00000001                ASSERT (((_vector_spacing == 0x0) || (SIZEOF (.vector_51) <= (_vector_spacing << 0x5))), function at exception vector 51 too large)

.vector_52      0x9fc01880        0x0
 *(.vector_52)
                0x00000001                ASSERT (((_vector_spacing == 0x0) || (SIZEOF (.vector_52) <= (_vector_spacing << 0x5))), function at exception vector 52 too large)

.vector_53      0x9fc018a0        0x0
 *(.vector_53)
                0x00000001                ASSERT (((_vector_spacing == 0x0) || (SIZEOF (.vector_53) <= (_vector_spacing << 0x5))), function at exception vector 53 too large)

.vector_54      0x9fc018c0        0x0
 *(.vector_54)
                0x00000001                ASSERT (((_vector_spacing == 0x0) || (SIZEOF (.vector_54) <= (_vector_spacing << 0x5))), function at exception vector 54 too large)

.vector_55      0x9fc018e0        0x0
 *(.vector_55)
                0x00000001                ASSERT (((_vector_spacing == 0x0) || (SIZEOF (.vector_55) <= (_vector_spacing << 0x5))), function at exception vector 55 too large)

.vector_56      0x9fc01900        0x0
 *(.vector_56)
                0x00000001                ASSERT (((_vector_spacing == 0x0) || (SIZEOF (.vector_56) <= (_vector_spacing << 0x5))), function at exception vector 56 too large)

.vector_57      0x9fc01920        0x0
 *(.vector_57)
                0x00000001                ASSERT (((_vector_spacing == 0x0) || (SIZEOF (.vector_57) <= (_vector_spacing << 0x5))), function at exception vector 57 too large)

.vector_58      0x9fc01940        0x0
 *(.vector_58)
                0x00000001                ASSERT (((_vector_spacing == 0x0) || (SIZEOF (.vector_58) <= (_vector_spacing << 0x5))), function at exception vector 58 too large)

.vector_59      0x9fc01960        0x0
 *(.vector_59)
                0x00000001                ASSERT (((_vector_spacing == 0x0) || (SIZEOF (.vector_59) <= (_vector_spacing << 0x5))), function at exception vector 59 too large)

.vector_60      0x9fc01980        0x0
 *(.vector_60)
                0x00000001                ASSERT (((_vector_spacing == 0x0) || (SIZEOF (.vector_60) <= (_vector_spacing << 0x5))), function at exception vector 60 too large)

.vector_61      0x9fc019a0        0x0
 *(.vector_61)
                0x00000001                ASSERT (((_vector_spacing == 0x0) || (SIZEOF (.vector_61) <= (_vector_spacing << 0x5))), function at exception vector 61 too large)

.vector_62      0x9fc019c0        0x0
 *(.vector_62)
                0x00000001                ASSERT (((_vector_spacing == 0x0) || (SIZEOF (.vector_62) <= (_vector_spacing << 0x5))), function at exception vector 62 too large)

.vector_63      0x9fc019e0        0x0
 *(.vector_63)
                0x00000001                ASSERT (((_vector_spacing == 0x0) || (SIZEOF (.vector_63) <= (_vector_spacing << 0x5))), function at exception vector 63 too large)

.startup
 *(.startup)

.text           0x9d000000        0x0
 *(.stub .gnu.linkonce.t.*)
 *(.text.*personality*)
 *(.mips16.fn.*)
 *(.mips16.call.*)
 *(.gnu.warning)
                0x9d000000                . = ALIGN (0x4)

.init           0x9d000000        0x0
 *crti.o(.init)
 *crtbegin.o(.init)
 *(EXCLUDE_FILE(*crtn.o *crtend?.o *crtend.o) .init)
 *crtend.o(.init)
 *crtn.o(.init)
                0x9d000000                . = ALIGN (0x4)

.fini           0x9d000000        0x0
 *(.fini)
                0x9d000000                . = ALIGN (0x4)

.preinit_array  0x9d000000        0x0
                0x9d000000                PROVIDE (__preinit_array_start, .)
 *(.preinit_array)
                0x9d000000                PROVIDE (__preinit_array_end, .)
                0x9d000000                . = ALIGN (0x4)

.init_array     0x9d000000        0x0
                0x9d000000                PROVIDE (__init_array_start, .)
 *(SORT(.init_array.*))
 *(.init_array)
                0x9d000000                PROVIDE (__init_array_end, .)
                0x9d000000                . = ALIGN (0x4)

.fini_array     0x9d000000        0x0
                0x9d000000                PROVIDE (__fini_array_start, .)
 *(SORT(.fini_array.*))
 *(.fini_array)
                0x9d000000                PROVIDE (__fini_array_end, .)
                0x9d000000                . = ALIGN (0x4)

.ctors          0x9d000000        0x0
 *crtbegin.o(.ctors)
 *crtbegin?.o(.ctors)
 *(EXCLUDE_FILE(*crtend?.o *crtend.o) .ctors)
 *(SORT(.ctors.*))
 *(.ctors)
                0x9d000000                . = ALIGN (0x4)

.dtors          0x9d000000        0x0
 *crtbegin.o(.dtors)
 *crtbegin?.o(.dtors)
 *(EXCLUDE_FILE(*crtend?.o *crtend.o) .dtors)
 *(SORT(.dtors.*))
 *(.dtors)
                0x9d000000                . = ALIGN (0x4)

.rodata         0x9d000000        0x0
 *(.gnu.linkonce.r.*)
 *(.rodata1)
                0x9d000000                . = ALIGN (0x4)

.sdata2         0x9fc00490        0x0
 *(.sdata2 .sdata2.* .gnu.linkonce.s2.*)
                0x9fc00490                . = ALIGN (0x4)

.sbss2          0x9fc00490        0x0
 *(.sbss2 .sbss2.* .gnu.linkonce.sb2.*)
                0x9fc00490                . = ALIGN (0x4)

.eh_frame_hdr
 *(.eh_frame_hdr)
                0x9fc00490                . = ALIGN (0x4)

.eh_frame
 *(.eh_frame)
                0x9fc00490                . = ALIGN (0x4)

.gcc_except_table
 *(.gcc_except_table .gcc_except_table.*)
                0x9fc00490                . = ALIGN (0x4)

.dbg_data       0xa0000000        0x0
                0xa0000000                . = (. + DEFINED (_DEBUGGER)?0x200:0x0)

.jcr            0xa0000000        0x0
 *(.jcr)
                0xa0000000                . = ALIGN (0x4)

.eh_frame
 *(.eh_frame)
                0xa0000000                . = ALIGN (0x4)

.gcc_except_table
 *(.gcc_except_table .gcc_except_table.*)
                0xa0000000                . = ALIGN (0x4)

.persist        0xa0000000        0x0
                0xa0000000                _persist_begin = .
 *(.persist .persist.*)
 *(.pbss .pbss.*)
                0xa0000000                . = ALIGN (0x4)
                0xa0000000                _persist_end = .

.data           0xa0000000        0x0
 *(.gnu.linkonce.d.*)
 *(.data1)
                0xa0000000                . = ALIGN (0x4)
                0xa0000000                . = .
                0xa0007ff0                _gp = (ALIGN (0x10) + 0x7ff0)

.got            0xa0000000        0x0
 *(.got.plt)
 *(.got)
                0xa0000000                . = ALIGN (0x4)

.sdata          0xa0000000       0x90
                0xa0000000                _sdata_begin = .
 *(.sdata .sdata.* .gnu.linkonce.s.*)
 .sdata         0xa0000000        0xc build/e16_encx24j600_spiflash/production/_ext/689678155/system_init.o
                0xa0000000                consUsartInit0
                0xa0000008                sysConsoleObjects
 .sdata         0xa000000c        0x8 build/e16_encx24j600_spiflash/production/_ext/1360937237/app.o
 .sdata         0xa0000014       0x50 build/e16_encx24j600_spiflash/production/_ext/29024758/asn.o
                0xa0000014                END_PUB_KEY
                0xa0000018                BEGIN_PUB_KEY
                0xa000001c                END_DSA_PRIV
                0xa0000020                BEGIN_DSA_PRIV
                0xa0000024                END_EC_PRIV
                0xa0000028                BEGIN_EC_PRIV
                0xa000002c                END_ENC_PRIV_KEY
                0xa0000030                BEGIN_ENC_PRIV_KEY
                0xa0000034                END_PRIV_KEY
                0xa0000038                BEGIN_PRIV_KEY
                0xa000003c                END_RSA_PRIV
                0xa0000040                BEGIN_RSA_PRIV
                0xa0000044                END_X509_CRL
                0xa0000048                BEGIN_X509_CRL
                0xa000004c                END_DH_PARAM
                0xa0000050                BEGIN_DH_PARAM
                0xa0000054                END_CERT_REQ
                0xa0000058                BEGIN_CERT_REQ
                0xa000005c                END_CERT
                0xa0000060                BEGIN_CERT
 .sdata         0xa0000064        0xb build/e16_encx24j600_spiflash/production/_ext/2115314394/drv_encx24j600_spi_bus.o
 *fill*         0xa000006f        0x1 
 .sdata         0xa0000070        0x2 build/e16_encx24j600_spiflash/production/_ext/1210338337/drv_encx24j600_tx_packet.o
                0xa0000070                lastPacketAddr
 *fill*         0xa0000072        0x2 
 .sdata         0xa0000074        0x8 build/e16_encx24j600_spiflash/production/_ext/1164207549/arp.o
 .sdata         0xa000007c        0x2 build/e16_encx24j600_spiflash/production/_ext/1164207549/smtp.o
 *fill*         0xa000007e        0x2 
 .sdata         0xa0000080        0x4 build/e16_encx24j600_spiflash/production/_ext/1164207549/tcpip_commands.o
 .sdata         0xa0000084        0x4 build/e16_encx24j600_spiflash/production/_ext/1164207549/tcpip_manager.o
 .sdata         0xa0000088        0x2 build/e16_encx24j600_spiflash/production/_ext/1164207549/sntp.o
 .sdata         0xa000008a        0x2 build/e16_encx24j600_spiflash/production/_ext/1164207549/ddns.o
 .sdata         0xa000008c        0x4 c:/program files (x86)/microchip/xc32/v1.42/bin/bin/../../lib/gcc/pic32mx/4.8.3/../../../../pic32mx/lib\libpic32.a(xc32_uart.o)
                0xa000008c                __XC_UART
                0xa0000090                . = ALIGN (0x4)
                0xa0000090                _sdata_end = .

.lit8
 *(.lit8)

.lit4
 *(.lit4)
                0xa0000090                . = ALIGN (0x4)
                0xa0000090                _data_end = .
                0xa0000090                _bss_begin = .

.sbss           0xa0000090      0x2cc
                0xa0000090                _sbss_begin = .
 *(.dynsbss)
 *(.sbss .sbss.* .gnu.linkonce.sb.*)
 .sbss          0xa0000090        0x1 build/e16_encx24j600_spiflash/production/_ext/971131287/net_pres_enc_glue.o
 *fill*         0xa0000091        0x3 
 .sbss          0xa0000094        0x8 build/e16_encx24j600_spiflash/production/_ext/689678155/system_init.o
                0xa0000094                sysCmdInit
 .sbss          0xa000009c        0xc build/e16_encx24j600_spiflash/production/_ext/689678155/system_exceptions.o
 .sbss          0xa00000a8        0x8 build/e16_encx24j600_spiflash/production/_ext/1360937237/app.o
                0xa00000ac                LEDstate
 .sbss          0xa00000b0       0x10 build/e16_encx24j600_spiflash/production/_ext/1360937237/custom_http_app.o
 .sbss          0xa00000c0        0xc build/e16_encx24j600_spiflash/production/_ext/29024758/memory.o
 .sbss          0xa00000cc        0x1 build/e16_encx24j600_spiflash/production/_ext/2115314394/drv_encx24j600_spi_bus.o
 *fill*         0xa00000cd        0x3 
 .sbss          0xa00000d0        0xc build/e16_encx24j600_spiflash/production/_ext/772120936/drv_encx24j600_api.o
 .sbss          0xa00000dc        0x1 build/e16_encx24j600_spiflash/production/_ext/1324760662/drv_spi.o
 *fill*         0xa00000dd        0x3 
 .sbss          0xa00000e0        0x8 build/e16_encx24j600_spiflash/production/_ext/1335609251/SPIFlash.o
 .sbss          0xa00000e8        0x4 build/e16_encx24j600_spiflash/production/_ext/941160041/drv_tmr.o
 .sbss          0xa00000ec        0x2 build/e16_encx24j600_spiflash/production/_ext/821589181/drv_usart_buffer_queue.o
 *fill*         0xa00000ee        0x2 
 .sbss          0xa00000f0       0x10 build/e16_encx24j600_spiflash/production/_ext/1891376032/sys_command.o
 .sbss          0xa0000100        0x8 build/e16_encx24j600_spiflash/production/_ext/1434663852/sys_console_uart.o
 .sbss          0xa0000108        0x4 build/e16_encx24j600_spiflash/production/_ext/1750042194/sys_fs.o
                0xa0000108                gSYSFSEventHandler
 .sbss          0xa000010c       0x24 build/e16_encx24j600_spiflash/production/_ext/1164207549/tcp.o
 .sbss          0xa0000130       0x1c build/e16_encx24j600_spiflash/production/_ext/1164207549/udp.o
 .sbss          0xa000014c       0x20 build/e16_encx24j600_spiflash/production/_ext/1164207549/dhcp.o
 .sbss          0xa000016c       0x10 build/e16_encx24j600_spiflash/production/_ext/1164207549/dns.o
                0xa000016c                _DNSStayCondLoop
                0xa0000170                _DNSStayAssertLoop
 .sbss          0xa000017c       0x20 build/e16_encx24j600_spiflash/production/_ext/1164207549/http.o
 .sbss          0xa000019c        0xc build/e16_encx24j600_spiflash/production/_ext/1164207549/nbns.o
 .sbss          0xa00001a8       0x44 build/e16_encx24j600_spiflash/production/_ext/1164207549/smtp.o
 .sbss          0xa00001ec       0x1c build/e16_encx24j600_spiflash/production/_ext/1164207549/tcpip_announce.o
 .sbss          0xa0000208       0x1c build/e16_encx24j600_spiflash/production/_ext/1164207549/tcpip_commands.o
 .sbss          0xa0000224       0x24 build/e16_encx24j600_spiflash/production/_ext/1164207549/tcpip_manager.o
 .sbss          0xa0000248        0x8 build/e16_encx24j600_spiflash/production/_ext/1164207549/tcpip_packet.o
 .sbss          0xa0000250       0x18 build/e16_encx24j600_spiflash/production/_ext/1164207549/ipv4.o
 .sbss          0xa0000268       0x48 build/e16_encx24j600_spiflash/production/_ext/1164207549/sntp.o
 .sbss          0xa00002b0        0xc build/e16_encx24j600_spiflash/production/_ext/1164207549/icmp.o
 .sbss          0xa00002bc       0x14 build/e16_encx24j600_spiflash/production/_ext/1164207549/dhcps.o
 .sbss          0xa00002d0       0x38 build/e16_encx24j600_spiflash/production/_ext/1164207549/ddns.o
 .sbss          0xa0000308        0xc build/e16_encx24j600_spiflash/production/_ext/615233400/ssl.o
 *(.scommon)
 .scommon       0xa0000314        0x8 build/e16_encx24j600_spiflash/production/_ext/1360937237/app.o
                0xa0000314                appData
 .scommon       0xa000031c        0xc build/e16_encx24j600_spiflash/production/_ext/1112873152/drv_sst25vf016b.o
                0xa000031c                gDrvSPIFlashMediaGeometry
                0xa0000320                gDrvSST25VF016BCommonDataObj
                0xa0000324                gSPIFlashGeometryTable
 .scommon       0xa0000328        0x3 build/e16_encx24j600_spiflash/production/_ext/821589181/drv_usart.o
                0xa0000328                gDrvUSARTCommonDataObj
 *fill*         0xa000032b        0x1 
 .scommon       0xa000032c        0x4 build/e16_encx24j600_spiflash/production/_ext/2137108136/sys_debug.o
                0xa000032c                gblErrLvl
 .scommon       0xa0000330        0x8 build/e16_encx24j600_spiflash/production/_ext/482662494/sys_devcon.o
                0xa0000330                sysDevconObj
 .scommon       0xa0000338       0x19 build/e16_encx24j600_spiflash/production/_ext/1750042194/sys_fs.o
                0xa0000338                gSYSFSObj
                0xa0000340                mutexFileSystemObj
                0xa0000344                gSYSFSCurrentMountPoint
                0xa000034c                errorValue
                0xa0000350                mutexDirObj
 *fill*         0xa0000351        0x3 
 .scommon       0xa0000354        0x2 build/e16_encx24j600_spiflash/production/_ext/1750042194/sys_fs_media_manager.o
                0xa0000354                VolToPart
 *fill*         0xa0000356        0x2 
 .scommon       0xa0000358        0x4 build/e16_encx24j600_spiflash/production/_ext/1164207549/dhcps.o
                0xa0000358                initTime
                0xa000035c                _sbss_end = .
                0xa000035c                . = ALIGN (0x4)

.bss            0xa000035c     0x4548
 *(.dynbss)
 *(COMMON)
 COMMON         0xa000035c       0x30 build/e16_encx24j600_spiflash/production/_ext/971131287/net_pres_enc_glue.o
                0xa000035c                net_pres_wolfSSLInfoDataGramServer0
                0xa0000368                net_pres_wolfSSLInfoStreamServer0
                0xa0000374                net_pres_wolfSSLInfoDataGramClient0
                0xa0000380                net_pres_wolfSSLInfoStreamClient0
 COMMON         0xa000038c       0x30 build/e16_encx24j600_spiflash/production/_ext/689678155/system_init.o
                0xa000038c                sysObj
 COMMON         0xa00003bc      0x348 build/e16_encx24j600_spiflash/production/_ext/1112873152/drv_sst25vf016b.o
                0xa00003bc                gDrvSST25VF016BClientObj
                0xa00003d4                gDrvSST25VF016BObj
                0xa0000444                gDrvSST25VF016BBufferObj
 COMMON         0xa0000704       0xa8 build/e16_encx24j600_spiflash/production/_ext/821589181/drv_usart.o
                0xa0000704                gDrvUSARTClientObj
                0xa000074c                gDrvUSARTObj
 COMMON         0xa00007ac     0x20d0 build/e16_encx24j600_spiflash/production/_ext/821589181/drv_usart_buffer_queue.o
                0xa00007ac                gDrvUSARTBufferObj
 COMMON         0xa000287c      0x36c build/e16_encx24j600_spiflash/production/_ext/871719959/net_pres.o
                0xa000287c                sNetPresData
                0xa0002a80                sNetPresSockets
 COMMON         0xa0002be8       0x10 build/e16_encx24j600_spiflash/production/_ext/2137108136/sys_debug.o
                0xa0002be8                sysDebugInstance
 COMMON         0xa0002bf8     0x1c34 build/e16_encx24j600_spiflash/production/_ext/1750042194/sys_fs.o
                0xa0002bf8                gSYSFSFileObj
                0xa0004688                gSYSFSDirObj
                0xa0004818                gSYSFSMountPoint
 COMMON         0xa000482c       0x48 build/e16_encx24j600_spiflash/production/_ext/1750042194/sys_fs_media_manager.o
                0xa000482c                gSYSFSMediaObject
                0xa0004858                gSYSFSVolumeObject
 COMMON         0xa0004874       0x10 build/e16_encx24j600_spiflash/production/_ext/614935175/mpfs.o
                0xa0004874                mpfsObject
 COMMON         0xa0004884       0x20 build/e16_encx24j600_spiflash/production/_ext/1164207549/ddns.o
                0xa0004884                DDNSClient
                0xa00048a4                . = ALIGN ((. != 0x0)?0x4:0x1)
                0xa00048a4                . = ALIGN (0x4)
                0xa00048a4                _end = .
                0xa00048a4                _bss_end = .
                0x00020000                _bmxdudba_address = 0x20000
                0x00020000                _bmxdupba_address = 0x20000

/DISCARD/
 *(.pdr)
 *(.rel.dyn)
 *(.note.GNU-stack)
 *(.note.GNU-stack)
 *(.gnu_debuglink)
 *(.gnu.lto_*)
 *(.discard)

.gptab.sdata
 *(.gptab.data)
 *(.gptab.sdata)

.gptab.sbss
 *(.gptab.bss)
 *(.gptab.sbss)

.mdebug.abi32   0xa00048a4        0x0
 *(.mdebug.abi32)
 .mdebug.abi32  0xa00048a4        0x0 build/e16_encx24j600_spiflash/production/_ext/1495834797/drv_flash_static.o
 .mdebug.abi32  0xa00048a4        0x0 build/e16_encx24j600_spiflash/production/_ext/1676865386/drv_spi_tasks.o
 .mdebug.abi32  0xa00048a4        0x0 build/e16_encx24j600_spiflash/production/_ext/1676865386/drv_spi_api.o
 .mdebug.abi32  0xa00048a4        0x0 build/e16_encx24j600_spiflash/production/_ext/1676865386/drv_spi_master_ebm_tasks.o
 .mdebug.abi32  0xa00048a4        0x0 build/e16_encx24j600_spiflash/production/_ext/1676865386/drv_spi_master_rm_tasks.o
 .mdebug.abi32  0xa00048a4        0x0 build/e16_encx24j600_spiflash/production/_ext/971131287/net_pres_enc_glue.o
 .mdebug.abi32  0xa00048a4        0x0 build/e16_encx24j600_spiflash/production/_ext/971131287/net_pres_cert_store.o
 .mdebug.abi32  0xa00048a4        0x0 build/e16_encx24j600_spiflash/production/_ext/360868340/sys_clk_static.o
 .mdebug.abi32  0xa00048a4        0x0 build/e16_encx24j600_spiflash/production/_ext/394705988/sys_ports_static.o
 .mdebug.abi32  0xa00048a4        0x0 build/e16_encx24j600_spiflash/production/_ext/689678155/system_init.o
 .mdebug.abi32  0xa00048a4        0x0 build/e16_encx24j600_spiflash/production/_ext/689678155/system_interrupt.o
 .mdebug.abi32  0xa00048a4        0x0 build/e16_encx24j600_spiflash/production/_ext/689678155/system_exceptions.o
 .mdebug.abi32  0xa00048a4        0x0 build/e16_encx24j600_spiflash/production/_ext/689678155/system_tasks.o
 .mdebug.abi32  0xa00048a4        0x0 build/e16_encx24j600_spiflash/production/_ext/1360937237/app.o
 .mdebug.abi32  0xa00048a4        0x0 build/e16_encx24j600_spiflash/production/_ext/1360937237/main.o
 .mdebug.abi32  0xa00048a4        0x0 build/e16_encx24j600_spiflash/production/_ext/1360937237/http_print.o
 .mdebug.abi32  0xa00048a4        0x0 build/e16_encx24j600_spiflash/production/_ext/1360937237/custom_http_app.o
 .mdebug.abi32  0xa00048a4        0x0 build/e16_encx24j600_spiflash/production/_ext/1360937237/mpfs_img2.o
 .mdebug.abi32  0xa00048a4        0x0 build/e16_encx24j600_spiflash/production/_ext/728775826/bsp_sys_init.o
 .mdebug.abi32  0xa00048a4        0x0 build/e16_encx24j600_spiflash/production/_ext/29024758/random.o
 .mdebug.abi32  0xa00048a4        0x0 build/e16_encx24j600_spiflash/production/_ext/29024758/arc4.o
 .mdebug.abi32  0xa00048a4        0x0 build/e16_encx24j600_spiflash/production/_ext/29024758/crypto.o
 .mdebug.abi32  0xa00048a4        0x0 build/e16_encx24j600_spiflash/production/_ext/29024758/md5.o
 .mdebug.abi32  0xa00048a4        0x0 build/e16_encx24j600_spiflash/production/_ext/29024758/sha.o
 .mdebug.abi32  0xa00048a4        0x0 build/e16_encx24j600_spiflash/production/_ext/29024758/coding.o
 .mdebug.abi32  0xa00048a4        0x0 build/e16_encx24j600_spiflash/production/_ext/29024758/error.o
 .mdebug.abi32  0xa00048a4        0x0 build/e16_encx24j600_spiflash/production/_ext/29024758/integer.o
 .mdebug.abi32  0xa00048a4        0x0 build/e16_encx24j600_spiflash/production/_ext/29024758/logging.o
 .mdebug.abi32  0xa00048a4        0x0 build/e16_encx24j600_spiflash/production/_ext/29024758/memory.o
 .mdebug.abi32  0xa00048a4        0x0 build/e16_encx24j600_spiflash/production/_ext/29024758/misc.o
 .mdebug.abi32  0xa00048a4        0x0 build/e16_encx24j600_spiflash/production/_ext/29024758/port.o
 .mdebug.abi32  0xa00048a4        0x0 build/e16_encx24j600_spiflash/production/_ext/29024758/ecc.o
 .mdebug.abi32  0xa00048a4        0x0 build/e16_encx24j600_spiflash/production/_ext/29024758/pwdbased.o
 .mdebug.abi32  0xa00048a4        0x0 build/e16_encx24j600_spiflash/production/_ext/29024758/tfm.o
 .mdebug.abi32  0xa00048a4        0x0 build/e16_encx24j600_spiflash/production/_ext/29024758/asn.o
 .mdebug.abi32  0xa00048a4        0x0 build/e16_encx24j600_spiflash/production/_ext/29024758/des3.o
 .mdebug.abi32  0xa00048a4        0x0 build/e16_encx24j600_spiflash/production/_ext/29024758/rsa.o
 .mdebug.abi32  0xa00048a4        0x0 build/e16_encx24j600_spiflash/production/_ext/29024758/aes.o
 .mdebug.abi32  0xa00048a4        0x0 build/e16_encx24j600_spiflash/production/_ext/29024758/sha256.o
 .mdebug.abi32  0xa00048a4        0x0 build/e16_encx24j600_spiflash/production/_ext/29024758/sha512.o
 .mdebug.abi32  0xa00048a4        0x0 build/e16_encx24j600_spiflash/production/_ext/29024758/hmac.o
 .mdebug.abi32  0xa00048a4        0x0 build/e16_encx24j600_spiflash/production/_ext/29024758/hash.o
 .mdebug.abi32  0xa00048a4        0x0 build/e16_encx24j600_spiflash/production/_ext/29024758/compress.o
 .mdebug.abi32  0xa00048a4        0x0 build/e16_encx24j600_spiflash/production/_ext/2115314394/drv_encx24j600_spi_bus.o
 .mdebug.abi32  0xa00048a4        0x0 build/e16_encx24j600_spiflash/production/_ext/1455582699/drv_encx24j600_closed_state.o
 .mdebug.abi32  0xa00048a4        0x0 build/e16_encx24j600_spiflash/production/_ext/1730942135/drv_encx24j600_initialization_state.o
 .mdebug.abi32  0xa00048a4        0x0 build/e16_encx24j600_spiflash/production/_ext/1730942135/drv_encx24j600_configure_state.o
 .mdebug.abi32  0xa00048a4        0x0 build/e16_encx24j600_spiflash/production/_ext/1730942135/drv_encx24j600_detect_state.o
 .mdebug.abi32  0xa00048a4        0x0 build/e16_encx24j600_spiflash/production/_ext/1730942135/drv_encx24j600_reset_state.o
 .mdebug.abi32  0xa00048a4        0x0 build/e16_encx24j600_spiflash/production/_ext/1210338337/drv_encx24j600_tx_packet.o
 .mdebug.abi32  0xa00048a4        0x0 build/e16_encx24j600_spiflash/production/_ext/1210338337/drv_encx24j600_rx_packet.o
 .mdebug.abi32  0xa00048a4        0x0 build/e16_encx24j600_spiflash/production/_ext/1207282394/drv_encx24j600_running_state.o
 .mdebug.abi32  0xa00048a4        0x0 build/e16_encx24j600_spiflash/production/_ext/1207282394/drv_encx24j600_change_duplex_state.o
 .mdebug.abi32  0xa00048a4        0x0 build/e16_encx24j600_spiflash/production/_ext/1207282394/drv_encx24j600_check_int_state.o
 .mdebug.abi32  0xa00048a4        0x0 build/e16_encx24j600_spiflash/production/_ext/1207282394/drv_encx24j600_check_status_state.o
 .mdebug.abi32  0xa00048a4        0x0 build/e16_encx24j600_spiflash/production/_ext/1207282394/drv_encx24j600_check_tx_status_state.o
 .mdebug.abi32  0xa00048a4        0x0 build/e16_encx24j600_spiflash/production/_ext/1207282394/drv_encx24j600_reset_rx_state.o
 .mdebug.abi32  0xa00048a4        0x0 build/e16_encx24j600_spiflash/production/_ext/772120936/drv_encx24j600_api.o
 .mdebug.abi32  0xa00048a4        0x0 build/e16_encx24j600_spiflash/production/_ext/772120936/drv_encx24j600_main_state.o
 .mdebug.abi32  0xa00048a4        0x0 build/e16_encx24j600_spiflash/production/_ext/772120936/drv_encx24j600_utils.o
 .mdebug.abi32  0xa00048a4        0x0 build/e16_encx24j600_spiflash/production/_ext/1324760662/drv_spi.o
 .mdebug.abi32  0xa00048a4        0x0 build/e16_encx24j600_spiflash/production/_ext/1385053818/drv_spi_sys_queue_fifo.o
 .mdebug.abi32  0xa00048a4        0x0 build/e16_encx24j600_spiflash/production/_ext/1112873152/drv_sst25vf016b.o
 .mdebug.abi32  0xa00048a4        0x0 build/e16_encx24j600_spiflash/production/_ext/1335609251/SPIFlash.o
 .mdebug.abi32  0xa00048a4        0x0 build/e16_encx24j600_spiflash/production/_ext/941160041/drv_tmr.o
 .mdebug.abi32  0xa00048a4        0x0 build/e16_encx24j600_spiflash/production/_ext/821589181/drv_usart.o
 .mdebug.abi32  0xa00048a4        0x0 build/e16_encx24j600_spiflash/production/_ext/821589181/drv_usart_buffer_queue.o
 .mdebug.abi32  0xa00048a4        0x0 build/e16_encx24j600_spiflash/production/_ext/821589181/drv_usart_read_write.o
 .mdebug.abi32  0xa00048a4        0x0 build/e16_encx24j600_spiflash/production/_ext/1595536294/UART.o
 .mdebug.abi32  0xa00048a4        0x0 build/e16_encx24j600_spiflash/production/_ext/871719959/net_pres.o
 .mdebug.abi32  0xa00048a4        0x0 build/e16_encx24j600_spiflash/production/_ext/1891376032/sys_command.o
 .mdebug.abi32  0xa00048a4        0x0 build/e16_encx24j600_spiflash/production/_ext/598853952/sys_buffer.o
 .mdebug.abi32  0xa00048a4        0x0 build/e16_encx24j600_spiflash/production/_ext/598853952/sys_queue.o
 .mdebug.abi32  0xa00048a4        0x0 build/e16_encx24j600_spiflash/production/_ext/1434663852/sys_console.o
 .mdebug.abi32  0xa00048a4        0x0 build/e16_encx24j600_spiflash/production/_ext/1434663852/sys_console_uart.o
 .mdebug.abi32  0xa00048a4        0x0 build/e16_encx24j600_spiflash/production/_ext/2137108136/sys_debug.o
 .mdebug.abi32  0xa00048a4        0x0 build/e16_encx24j600_spiflash/production/_ext/482662494/sys_devcon.o
 .mdebug.abi32  0xa00048a4        0x0 build/e16_encx24j600_spiflash/production/_ext/482662494/sys_devcon_pic32mx.o
 .mdebug.abi32  0xa00048a4        0x0 build/e16_encx24j600_spiflash/production/_ext/1750042194/sys_fs.o
 .mdebug.abi32  0xa00048a4        0x0 build/e16_encx24j600_spiflash/production/_ext/1750042194/sys_fs_media_manager.o
 .mdebug.abi32  0xa00048a4        0x0 build/e16_encx24j600_spiflash/production/_ext/614935175/mpfs.o
 .mdebug.abi32  0xa00048a4        0x0 build/e16_encx24j600_spiflash/production/_ext/1042686532/sys_int_pic32.o
 .mdebug.abi32  0xa00048a4        0x0 build/e16_encx24j600_spiflash/production/_ext/470001640/sys_random.o
 .mdebug.abi32  0xa00048a4        0x0 build/e16_encx24j600_spiflash/production/_ext/64182180/sys_reset.o
 .mdebug.abi32  0xa00048a4        0x0 build/e16_encx24j600_spiflash/production/_ext/2110151058/sys_tmr.o
 .mdebug.abi32  0xa00048a4        0x0 build/e16_encx24j600_spiflash/production/_ext/1886247299/sys_fs_wrapper.o
 .mdebug.abi32  0xa00048a4        0x0 build/e16_encx24j600_spiflash/production/_ext/1886247299/helpers.o
 .mdebug.abi32  0xa00048a4        0x0 build/e16_encx24j600_spiflash/production/_ext/1164207549/tcp.o
 .mdebug.abi32  0xa00048a4        0x0 build/e16_encx24j600_spiflash/production/_ext/1164207549/udp.o
 .mdebug.abi32  0xa00048a4        0x0 build/e16_encx24j600_spiflash/production/_ext/1164207549/arp.o
 .mdebug.abi32  0xa00048a4        0x0 build/e16_encx24j600_spiflash/production/_ext/1164207549/dhcp.o
 .mdebug.abi32  0xa00048a4        0x0 build/e16_encx24j600_spiflash/production/_ext/1164207549/dns.o
 .mdebug.abi32  0xa00048a4        0x0 build/e16_encx24j600_spiflash/production/_ext/1164207549/http.o
 .mdebug.abi32  0xa00048a4        0x0 build/e16_encx24j600_spiflash/production/_ext/1164207549/nbns.o
 .mdebug.abi32  0xa00048a4        0x0 build/e16_encx24j600_spiflash/production/_ext/1164207549/smtp.o
 .mdebug.abi32  0xa00048a4        0x0 build/e16_encx24j600_spiflash/production/_ext/1164207549/tcpip_announce.o
 .mdebug.abi32  0xa00048a4        0x0 build/e16_encx24j600_spiflash/production/_ext/1164207549/tcpip_commands.o
 .mdebug.abi32  0xa00048a4        0x0 build/e16_encx24j600_spiflash/production/_ext/1164207549/hash_fnv.o
 .mdebug.abi32  0xa00048a4        0x0 build/e16_encx24j600_spiflash/production/_ext/1164207549/oahash.o
 .mdebug.abi32  0xa00048a4        0x0 build/e16_encx24j600_spiflash/production/_ext/1164207549/tcpip_heap_alloc.o
 .mdebug.abi32  0xa00048a4        0x0 build/e16_encx24j600_spiflash/production/_ext/1164207549/tcpip_helpers.o
 .mdebug.abi32  0xa00048a4        0x0 build/e16_encx24j600_spiflash/production/_ext/1164207549/tcpip_manager.o
 .mdebug.abi32  0xa00048a4        0x0 build/e16_encx24j600_spiflash/production/_ext/1164207549/tcpip_notify.o
 .mdebug.abi32  0xa00048a4        0x0 build/e16_encx24j600_spiflash/production/_ext/1164207549/tcpip_packet.o
 .mdebug.abi32  0xa00048a4        0x0 build/e16_encx24j600_spiflash/production/_ext/1164207549/ipv4.o
 .mdebug.abi32  0xa00048a4        0x0 build/e16_encx24j600_spiflash/production/_ext/1164207549/sntp.o
 .mdebug.abi32  0xa00048a4        0x0 build/e16_encx24j600_spiflash/production/_ext/1164207549/tcpip_heap_internal.o
 .mdebug.abi32  0xa00048a4        0x0 build/e16_encx24j600_spiflash/production/_ext/1164207549/icmp.o
 .mdebug.abi32  0xa00048a4        0x0 build/e16_encx24j600_spiflash/production/_ext/1164207549/dhcps.o
 .mdebug.abi32  0xa00048a4        0x0 build/e16_encx24j600_spiflash/production/_ext/1164207549/ddns.o
 .mdebug.abi32  0xa00048a4        0x0 build/e16_encx24j600_spiflash/production/_ext/1699919941/asm.o
 .mdebug.abi32  0xa00048a4        0x0 build/e16_encx24j600_spiflash/production/_ext/1699919941/blake2b.o
 .mdebug.abi32  0xa00048a4        0x0 build/e16_encx24j600_spiflash/production/_ext/1699919941/camellia.o
 .mdebug.abi32  0xa00048a4        0x0 build/e16_encx24j600_spiflash/production/_ext/1699919941/chacha.o
 .mdebug.abi32  0xa00048a4        0x0 build/e16_encx24j600_spiflash/production/_ext/1699919941/chacha20_poly1305.o
 .mdebug.abi32  0xa00048a4        0x0 build/e16_encx24j600_spiflash/production/_ext/1699919941/curve25519.o
 .mdebug.abi32  0xa00048a4        0x0 build/e16_encx24j600_spiflash/production/_ext/1699919941/dh.o
 .mdebug.abi32  0xa00048a4        0x0 build/e16_encx24j600_spiflash/production/_ext/1699919941/dsa.o
 .mdebug.abi32  0xa00048a4        0x0 build/e16_encx24j600_spiflash/production/_ext/1699919941/ecc_fp.o
 .mdebug.abi32  0xa00048a4        0x0 build/e16_encx24j600_spiflash/production/_ext/1699919941/ed25519.o
 .mdebug.abi32  0xa00048a4        0x0 build/e16_encx24j600_spiflash/production/_ext/1699919941/fe_low_mem.o
 .mdebug.abi32  0xa00048a4        0x0 build/e16_encx24j600_spiflash/production/_ext/1699919941/fe_operations.o
 .mdebug.abi32  0xa00048a4        0x0 build/e16_encx24j600_spiflash/production/_ext/1699919941/ge_low_mem.o
 .mdebug.abi32  0xa00048a4        0x0 build/e16_encx24j600_spiflash/production/_ext/1699919941/ge_operations.o
 .mdebug.abi32  0xa00048a4        0x0 build/e16_encx24j600_spiflash/production/_ext/1699919941/hc128.o
 .mdebug.abi32  0xa00048a4        0x0 build/e16_encx24j600_spiflash/production/_ext/1699919941/md2.o
 .mdebug.abi32  0xa00048a4        0x0 build/e16_encx24j600_spiflash/production/_ext/1699919941/md4.o
 .mdebug.abi32  0xa00048a4        0x0 build/e16_encx24j600_spiflash/production/_ext/1699919941/pkcs7.o
 .mdebug.abi32  0xa00048a4        0x0 build/e16_encx24j600_spiflash/production/_ext/1699919941/poly1305.o
 .mdebug.abi32  0xa00048a4        0x0 build/e16_encx24j600_spiflash/production/_ext/1699919941/rabbit.o
 .mdebug.abi32  0xa00048a4        0x0 build/e16_encx24j600_spiflash/production/_ext/1699919941/ripemd.o
 .mdebug.abi32  0xa00048a4        0x0 build/e16_encx24j600_spiflash/production/_ext/615233400/crl.o
 .mdebug.abi32  0xa00048a4        0x0 build/e16_encx24j600_spiflash/production/_ext/615233400/internal.o
 .mdebug.abi32  0xa00048a4        0x0 build/e16_encx24j600_spiflash/production/_ext/615233400/io.o
 .mdebug.abi32  0xa00048a4        0x0 build/e16_encx24j600_spiflash/production/_ext/615233400/keys.o
 .mdebug.abi32  0xa00048a4        0x0 build/e16_encx24j600_spiflash/production/_ext/615233400/ocsp.o
 .mdebug.abi32  0xa00048a4        0x0 build/e16_encx24j600_spiflash/production/_ext/615233400/sniffer.o
 .mdebug.abi32  0xa00048a4        0x0 build/e16_encx24j600_spiflash/production/_ext/615233400/ssl.o
 .mdebug.abi32  0xa00048a4        0x0 build/e16_encx24j600_spiflash/production/_ext/615233400/tls.o
 .mdebug.abi32  0xa00048a4        0x0 build/e16_encx24j600_spiflash/production/_ext/29024758/asm.o
 .mdebug.abi32  0xa00048a4        0x0 c:/program files (x86)/microchip/xc32/v1.42/bin/bin/../../lib/gcc/pic32mx/4.8.3\libgcc.a(_udivdi3.o)
 .mdebug.abi32  0xa00048a4        0x0 c:/program files (x86)/microchip/xc32/v1.42/bin/bin/../../lib/gcc/pic32mx/4.8.3\libgcc.a(floatunsisf.o)
 .mdebug.abi32  0xa00048a4        0x0 c:/program files (x86)/microchip/xc32/v1.42/bin/bin/../../lib/gcc/pic32mx/4.8.3/../../../../pic32mx/lib\libpic32.a(default-bootstrap-exception-handler.o)
 .mdebug.abi32  0xa00048a4        0x0 c:/program files (x86)/microchip/xc32/v1.42/bin/bin/../../lib/gcc/pic32mx/4.8.3/../../../../pic32mx/lib\libpic32.a(default-on-reset.o)
 .mdebug.abi32  0xa00048a4        0x0 c:/program files (x86)/microchip/xc32/v1.42/bin/bin/../../lib/gcc/pic32mx/4.8.3/../../../../pic32mx/lib\libpic32.a(default-on-bootstrap.o)
 .mdebug.abi32  0xa00048a4        0x0 c:/program files (x86)/microchip/xc32/v1.42/bin/bin/../../lib/gcc/pic32mx/4.8.3/../../../../pic32mx/lib\libpic32.a(defaultinterrupt.o)
 .mdebug.abi32  0xa00048a4        0x0 c:/program files (x86)/microchip/xc32/v1.42/bin/bin/../../lib/gcc/pic32mx/4.8.3/../../../../pic32mx/lib\libm.a(w_logf.o)
 .mdebug.abi32  0xa00048a4        0x0 c:/program files (x86)/microchip/xc32/v1.42/bin/bin/../../lib/gcc/pic32mx/4.8.3/../../../../pic32mx/lib\libm.a(w_powf.o)
 .mdebug.abi32  0xa00048a4        0x0 c:/program files (x86)/microchip/xc32/v1.42/bin/bin/../../lib/gcc/pic32mx/4.8.3/../../../../pic32mx/lib\libm.a(s_lib_ver.o)
 .mdebug.abi32  0xa00048a4        0x0 c:/program files (x86)/microchip/xc32/v1.42/bin/bin/../../lib/gcc/pic32mx/4.8.3/../../../../pic32mx/lib\libc.a(atoi.o)
 .mdebug.abi32  0xa00048a4        0x0 c:/program files (x86)/microchip/xc32/v1.42/bin/bin/../../lib/gcc/pic32mx/4.8.3/../../../../pic32mx/lib\libc.a(atol.o)
 .mdebug.abi32  0xa00048a4        0x0 c:/program files (x86)/microchip/xc32/v1.42/bin/bin/../../lib/gcc/pic32mx/4.8.3/../../../../pic32mx/lib\libc.a(calloc.o)
 .mdebug.abi32  0xa00048a4        0x0 c:/program files (x86)/microchip/xc32/v1.42/bin/bin/../../lib/gcc/pic32mx/4.8.3/../../../../pic32mx/lib\libc.a(ctime.o)
 .mdebug.abi32  0xa00048a4        0x0 c:/program files (x86)/microchip/xc32/v1.42/bin/bin/../../lib/gcc/pic32mx/4.8.3/../../../../pic32mx/lib\libc.a(ctype.o)
 .mdebug.abi32  0xa00048a4        0x0 c:/program files (x86)/microchip/xc32/v1.42/bin/bin/../../lib/gcc/pic32mx/4.8.3/../../../../pic32mx/lib\libc.a(ctypef.o)
 .mdebug.abi32  0xa00048a4        0x0 c:/program files (x86)/microchip/xc32/v1.42/bin/bin/../../lib/gcc/pic32mx/4.8.3/../../../../pic32mx/lib\libc.a(errno.o)
 .mdebug.abi32  0xa00048a4        0x0 c:/program files (x86)/microchip/xc32/v1.42/bin/bin/../../lib/gcc/pic32mx/4.8.3/../../../../pic32mx/lib\libc.a(malloc.o)
 .mdebug.abi32  0xa00048a4        0x0 c:/program files (x86)/microchip/xc32/v1.42/bin/bin/../../lib/gcc/pic32mx/4.8.3/../../../../pic32mx/lib\libc.a(memmove.o)
 .mdebug.abi32  0xa00048a4        0x0 c:/program files (x86)/microchip/xc32/v1.42/bin/bin/../../lib/gcc/pic32mx/4.8.3/../../../../pic32mx/lib\libc.a(rand.o)
 .mdebug.abi32  0xa00048a4        0x0 c:/program files (x86)/microchip/xc32/v1.42/bin/bin/../../lib/gcc/pic32mx/4.8.3/../../../../pic32mx/lib\libc.a(strcat.o)
 .mdebug.abi32  0xa00048a4        0x0 c:/program files (x86)/microchip/xc32/v1.42/bin/bin/../../lib/gcc/pic32mx/4.8.3/../../../../pic32mx/lib\libc.a(strchr.o)
 .mdebug.abi32  0xa00048a4        0x0 c:/program files (x86)/microchip/xc32/v1.42/bin/bin/../../lib/gcc/pic32mx/4.8.3/../../../../pic32mx/lib\libc.a(strncat.o)
 .mdebug.abi32  0xa00048a4        0x0 c:/program files (x86)/microchip/xc32/v1.42/bin/bin/../../lib/gcc/pic32mx/4.8.3/../../../../pic32mx/lib\libc.a(strncmp.o)
 .mdebug.abi32  0xa00048a4        0x0 c:/program files (x86)/microchip/xc32/v1.42/bin/bin/../../lib/gcc/pic32mx/4.8.3/../../../../pic32mx/lib\libc.a(strncpy.o)
 .mdebug.abi32  0xa00048a4        0x0 c:/program files (x86)/microchip/xc32/v1.42/bin/bin/../../lib/gcc/pic32mx/4.8.3/../../../../pic32mx/lib\libc.a(strstr.o)
 .mdebug.abi32  0xa00048a4        0x0 c:/program files (x86)/microchip/xc32/v1.42/bin/bin/../../lib/gcc/pic32mx/4.8.3/../../../../pic32mx/lib\libc.a(strtol.o)
 .mdebug.abi32  0xa00048a4        0x0 c:/program files (x86)/microchip/xc32/v1.42/bin/bin/../../lib/gcc/pic32mx/4.8.3/../../../../pic32mx/lib\libc.a(sprintf_cdnopuxX.eo)
 .mdebug.abi32  0xa00048a4        0x0 c:/program files (x86)/microchip/xc32/v1.42/bin/bin/../../lib/gcc/pic32mx/4.8.3/../../../../pic32mx/lib\libc.a(vsnprintf.o)
 .mdebug.abi32  0xa00048a4        0x0 c:/program files (x86)/microchip/xc32/v1.42/bin/bin/../../lib/gcc/pic32mx/4.8.3/../../../../pic32mx/lib\libc.a(doprnt_cdnopuxX.eo)
 .mdebug.abi32  0xa00048a4        0x0 c:/program files (x86)/microchip/xc32/v1.42/bin/bin/../../lib/gcc/pic32mx/4.8.3/../../../../pic32mx/lib\libc.a(doprnt.o)
 .mdebug.abi32  0xa00048a4        0x0 c:/program files (x86)/microchip/xc32/v1.42/bin/bin/../../lib/gcc/pic32mx/4.8.3/../../../../pic32mx/lib\libc.a(_fputc_simple.o)
 .mdebug.abi32  0xa00048a4        0x0 c:/program files (x86)/microchip/xc32/v1.42/bin/bin/../../lib/gcc/pic32mx/4.8.3/../../../../pic32mx/lib\libc.a(powersf.o)
 .mdebug.abi32  0xa00048a4        0x0 c:/program files (x86)/microchip/xc32/v1.42/bin/bin/../../lib/gcc/pic32mx/4.8.3/../../../../pic32mx/lib\libc.a(_iob.o)
 .mdebug.abi32  0xa00048a4        0x0 c:/program files (x86)/microchip/xc32/v1.42/bin/bin/../../lib/gcc/pic32mx/4.8.3/../../../../pic32mx/lib\libc.a(_flsbuf_simple.o)
 .mdebug.abi32  0xa00048a4        0x0 c:/program files (x86)/microchip/xc32/v1.42/bin/bin/../../lib/gcc/pic32mx/4.8.3/../../../../pic32mx/lib\libpic32.a(sbrk.o)
 .mdebug.abi32  0xa00048a4        0x0 c:/program files (x86)/microchip/xc32/v1.42/bin/bin/../../lib/gcc/pic32mx/4.8.3/../../../../pic32mx/lib\libpic32.a(write.o)
 .mdebug.abi32  0xa00048a4        0x0 c:/program files (x86)/microchip/xc32/v1.42/bin/bin/../../lib/gcc/pic32mx/4.8.3/../../../../pic32mx/lib\libpic32.a(isinf.o)
 .mdebug.abi32  0xa00048a4        0x0 c:/program files (x86)/microchip/xc32/v1.42/bin/bin/../../lib/gcc/pic32mx/4.8.3/../../../../pic32mx/lib\libpic32.a(_mon_putc.o)
 .mdebug.abi32  0xa00048a4        0x0 c:/program files (x86)/microchip/xc32/v1.42/bin/bin/../../lib/gcc/pic32mx/4.8.3/../../../../pic32mx/lib\libpic32.a(xc32_uart.o)
 .mdebug.abi32  0xa00048a4        0x0 c:/program files (x86)/microchip/xc32/v1.42/bin/bin/../../lib/gcc/pic32mx/4.8.3/../../../../pic32mx/lib\libe.a(_floatdisf.o)
 .mdebug.abi32  0xa00048a4        0x0 c:/program files (x86)/microchip/xc32/v1.42/bin/bin/../../lib/gcc/pic32mx/4.8.3/../../../../pic32mx/lib\libe.a(_unorddf2.o)
 .mdebug.abi32  0xa00048a4        0x0 c:/program files (x86)/microchip/xc32/v1.42/bin/bin/../../lib/gcc/pic32mx/4.8.3\libgcc.a(_umoddi3.o)

.mdebug.abiN32
 *(.mdebug.abiN32)

.mdebug.abi64
 *(.mdebug.abi64)

.mdebug.abiO64
 *(.mdebug.abiO64)

.mdebug.eabi32
 *(.mdebug.eabi32)

.mdebug.eabi64
 *(.mdebug.eabi64)

.gcc_compiled_long32
 *(.gcc_compiled_long32)

.gcc_compiled_long64
 *(.gcc_compiled_long64)

.stab
 *(.stab)

.stabstr
 *(.stabstr)

.stab.excl
 *(.stab.excl)

.stab.exclstr
 *(.stab.exclstr)

.stab.index
 *(.stab.index)

.stab.indexstr
 *(.stab.indexstr)

.comment        0x00000000      0x23d
 *(.comment)
 .comment       0x00000000       0x3c build/e16_encx24j600_spiflash/production/_ext/1495834797/drv_flash_static.o
                                 0x3d (size before relaxing)
 .comment       0x00000000       0x3d build/e16_encx24j600_spiflash/production/_ext/1676865386/drv_spi_tasks.o
 .comment       0x00000000       0x3d build/e16_encx24j600_spiflash/production/_ext/1676865386/drv_spi_api.o
 .comment       0x00000000       0x3d build/e16_encx24j600_spiflash/production/_ext/1676865386/drv_spi_master_ebm_tasks.o
 .comment       0x00000000       0x3d build/e16_encx24j600_spiflash/production/_ext/1676865386/drv_spi_master_rm_tasks.o
 .comment       0x00000000       0x3d build/e16_encx24j600_spiflash/production/_ext/971131287/net_pres_enc_glue.o
 .comment       0x00000000       0x3d build/e16_encx24j600_spiflash/production/_ext/971131287/net_pres_cert_store.o
 .comment       0x00000000       0x3d build/e16_encx24j600_spiflash/production/_ext/360868340/sys_clk_static.o
 .comment       0x00000000       0x3d build/e16_encx24j600_spiflash/production/_ext/394705988/sys_ports_static.o
 .comment       0x00000000       0x3d build/e16_encx24j600_spiflash/production/_ext/689678155/system_init.o
 .comment       0x00000000       0x3d build/e16_encx24j600_spiflash/production/_ext/689678155/system_interrupt.o
 .comment       0x00000000       0x3d build/e16_encx24j600_spiflash/production/_ext/689678155/system_exceptions.o
 .comment       0x00000000       0x3d build/e16_encx24j600_spiflash/production/_ext/689678155/system_tasks.o
 .comment       0x00000000       0x3d build/e16_encx24j600_spiflash/production/_ext/1360937237/app.o
 .comment       0x00000000       0x3d build/e16_encx24j600_spiflash/production/_ext/1360937237/main.o
 .comment       0x00000000       0x3d build/e16_encx24j600_spiflash/production/_ext/1360937237/http_print.o
 .comment       0x00000000       0x3d build/e16_encx24j600_spiflash/production/_ext/1360937237/custom_http_app.o
 .comment       0x00000000       0x3d build/e16_encx24j600_spiflash/production/_ext/1360937237/mpfs_img2.o
 .comment       0x00000000       0x3d build/e16_encx24j600_spiflash/production/_ext/728775826/bsp_sys_init.o
 .comment       0x00000000       0x3d build/e16_encx24j600_spiflash/production/_ext/29024758/random.o
 .comment       0x00000000       0x3d build/e16_encx24j600_spiflash/production/_ext/29024758/arc4.o
 .comment       0x00000000       0x3d build/e16_encx24j600_spiflash/production/_ext/29024758/crypto.o
 .comment       0x00000000       0x3d build/e16_encx24j600_spiflash/production/_ext/29024758/md5.o
 .comment       0x00000000       0x3d build/e16_encx24j600_spiflash/production/_ext/29024758/sha.o
 .comment       0x00000000       0x3d build/e16_encx24j600_spiflash/production/_ext/29024758/coding.o
 .comment       0x00000000       0x3d build/e16_encx24j600_spiflash/production/_ext/29024758/error.o
 .comment       0x00000000       0x3d build/e16_encx24j600_spiflash/production/_ext/29024758/integer.o
 .comment       0x00000000       0x3d build/e16_encx24j600_spiflash/production/_ext/29024758/logging.o
 .comment       0x00000000       0x3d build/e16_encx24j600_spiflash/production/_ext/29024758/memory.o
 .comment       0x00000000       0x3d build/e16_encx24j600_spiflash/production/_ext/29024758/misc.o
 .comment       0x00000000       0x3d build/e16_encx24j600_spiflash/production/_ext/29024758/port.o
 .comment       0x00000000       0x3d build/e16_encx24j600_spiflash/production/_ext/29024758/ecc.o
 .comment       0x00000000       0x3d build/e16_encx24j600_spiflash/production/_ext/29024758/pwdbased.o
 .comment       0x00000000       0x3d build/e16_encx24j600_spiflash/production/_ext/29024758/tfm.o
 .comment       0x00000000       0x3d build/e16_encx24j600_spiflash/production/_ext/29024758/asn.o
 .comment       0x00000000       0x3d build/e16_encx24j600_spiflash/production/_ext/29024758/des3.o
 .comment       0x00000000       0x3d build/e16_encx24j600_spiflash/production/_ext/29024758/rsa.o
 .comment       0x00000000       0x3d build/e16_encx24j600_spiflash/production/_ext/29024758/aes.o
 .comment       0x00000000       0x3d build/e16_encx24j600_spiflash/production/_ext/29024758/sha256.o
 .comment       0x00000000       0x3d build/e16_encx24j600_spiflash/production/_ext/29024758/sha512.o
 .comment       0x00000000       0x3d build/e16_encx24j600_spiflash/production/_ext/29024758/hmac.o
 .comment       0x00000000       0x3d build/e16_encx24j600_spiflash/production/_ext/29024758/hash.o
 .comment       0x00000000       0x3d build/e16_encx24j600_spiflash/production/_ext/29024758/compress.o
 .comment       0x00000000       0x3d build/e16_encx24j600_spiflash/production/_ext/2115314394/drv_encx24j600_spi_bus.o
 .comment       0x00000000       0x3d build/e16_encx24j600_spiflash/production/_ext/1455582699/drv_encx24j600_closed_state.o
 .comment       0x00000000       0x3d build/e16_encx24j600_spiflash/production/_ext/1730942135/drv_encx24j600_initialization_state.o
 .comment       0x00000000       0x3d build/e16_encx24j600_spiflash/production/_ext/1730942135/drv_encx24j600_configure_state.o
 .comment       0x00000000       0x3d build/e16_encx24j600_spiflash/production/_ext/1730942135/drv_encx24j600_detect_state.o
 .comment       0x00000000       0x3d build/e16_encx24j600_spiflash/production/_ext/1730942135/drv_encx24j600_reset_state.o
 .comment       0x00000000       0x3d build/e16_encx24j600_spiflash/production/_ext/1210338337/drv_encx24j600_tx_packet.o
 .comment       0x00000000       0x3d build/e16_encx24j600_spiflash/production/_ext/1210338337/drv_encx24j600_rx_packet.o
 .comment       0x00000000       0x3d build/e16_encx24j600_spiflash/production/_ext/1207282394/drv_encx24j600_running_state.o
 .comment       0x00000000       0x3d build/e16_encx24j600_spiflash/production/_ext/1207282394/drv_encx24j600_change_duplex_state.o
 .comment       0x00000000       0x3d build/e16_encx24j600_spiflash/production/_ext/1207282394/drv_encx24j600_check_int_state.o
 .comment       0x00000000       0x3d build/e16_encx24j600_spiflash/production/_ext/1207282394/drv_encx24j600_check_status_state.o
 .comment       0x00000000       0x3d build/e16_encx24j600_spiflash/production/_ext/1207282394/drv_encx24j600_check_tx_status_state.o
 .comment       0x00000000       0x3d build/e16_encx24j600_spiflash/production/_ext/1207282394/drv_encx24j600_reset_rx_state.o
 .comment       0x00000000       0x3d build/e16_encx24j600_spiflash/production/_ext/772120936/drv_encx24j600_api.o
 .comment       0x00000000       0x3d build/e16_encx24j600_spiflash/production/_ext/772120936/drv_encx24j600_main_state.o
 .comment       0x00000000       0x3d build/e16_encx24j600_spiflash/production/_ext/772120936/drv_encx24j600_utils.o
 .comment       0x00000000       0x3d build/e16_encx24j600_spiflash/production/_ext/1324760662/drv_spi.o
 .comment       0x00000000       0x3d build/e16_encx24j600_spiflash/production/_ext/1385053818/drv_spi_sys_queue_fifo.o
 .comment       0x00000000       0x3d build/e16_encx24j600_spiflash/production/_ext/1112873152/drv_sst25vf016b.o
 .comment       0x00000000       0x3d build/e16_encx24j600_spiflash/production/_ext/1335609251/SPIFlash.o
 .comment       0x00000000       0x3d build/e16_encx24j600_spiflash/production/_ext/941160041/drv_tmr.o
 .comment       0x00000000       0x3d build/e16_encx24j600_spiflash/production/_ext/821589181/drv_usart.o
 .comment       0x00000000       0x3d build/e16_encx24j600_spiflash/production/_ext/821589181/drv_usart_buffer_queue.o
 .comment       0x00000000       0x3d build/e16_encx24j600_spiflash/production/_ext/821589181/drv_usart_read_write.o
 .comment       0x00000000       0x3d build/e16_encx24j600_spiflash/production/_ext/1595536294/UART.o
 .comment       0x00000000       0x3d build/e16_encx24j600_spiflash/production/_ext/871719959/net_pres.o
 .comment       0x00000000       0x3d build/e16_encx24j600_spiflash/production/_ext/1891376032/sys_command.o
 .comment       0x00000000       0x3d build/e16_encx24j600_spiflash/production/_ext/598853952/sys_buffer.o
 .comment       0x00000000       0x3d build/e16_encx24j600_spiflash/production/_ext/598853952/sys_queue.o
 .comment       0x00000000       0x3d build/e16_encx24j600_spiflash/production/_ext/1434663852/sys_console.o
 .comment       0x00000000       0x3d build/e16_encx24j600_spiflash/production/_ext/1434663852/sys_console_uart.o
 .comment       0x00000000       0x3d build/e16_encx24j600_spiflash/production/_ext/2137108136/sys_debug.o
 .comment       0x00000000       0x3d build/e16_encx24j600_spiflash/production/_ext/482662494/sys_devcon.o
 .comment       0x00000000       0x3d build/e16_encx24j600_spiflash/production/_ext/482662494/sys_devcon_pic32mx.o
 .comment       0x00000000       0x3d build/e16_encx24j600_spiflash/production/_ext/1750042194/sys_fs.o
 .comment       0x00000000       0x3d build/e16_encx24j600_spiflash/production/_ext/1750042194/sys_fs_media_manager.o
 .comment       0x00000000       0x3d build/e16_encx24j600_spiflash/production/_ext/614935175/mpfs.o
 .comment       0x00000000       0x3d build/e16_encx24j600_spiflash/production/_ext/1042686532/sys_int_pic32.o
 .comment       0x00000000       0x3d build/e16_encx24j600_spiflash/production/_ext/470001640/sys_random.o
 .comment       0x00000000       0x3d build/e16_encx24j600_spiflash/production/_ext/64182180/sys_reset.o
 .comment       0x00000000       0x3d build/e16_encx24j600_spiflash/production/_ext/2110151058/sys_tmr.o
 .comment       0x00000000       0x3d build/e16_encx24j600_spiflash/production/_ext/1886247299/sys_fs_wrapper.o
 .comment       0x00000000       0x3d build/e16_encx24j600_spiflash/production/_ext/1886247299/helpers.o
 .comment       0x00000000       0x3d build/e16_encx24j600_spiflash/production/_ext/1164207549/tcp.o
 .comment       0x00000000       0x3d build/e16_encx24j600_spiflash/production/_ext/1164207549/udp.o
 .comment       0x00000000       0x3d build/e16_encx24j600_spiflash/production/_ext/1164207549/arp.o
 .comment       0x00000000       0x3d build/e16_encx24j600_spiflash/production/_ext/1164207549/dhcp.o
 .comment       0x00000000       0x3d build/e16_encx24j600_spiflash/production/_ext/1164207549/dns.o
 .comment       0x00000000       0x3d build/e16_encx24j600_spiflash/production/_ext/1164207549/http.o
 .comment       0x00000000       0x3d build/e16_encx24j600_spiflash/production/_ext/1164207549/nbns.o
 .comment       0x00000000       0x3d build/e16_encx24j600_spiflash/production/_ext/1164207549/smtp.o
 .comment       0x00000000       0x3d build/e16_encx24j600_spiflash/production/_ext/1164207549/tcpip_announce.o
 .comment       0x00000000       0x3d build/e16_encx24j600_spiflash/production/_ext/1164207549/tcpip_commands.o
 .comment       0x00000000       0x3d build/e16_encx24j600_spiflash/production/_ext/1164207549/hash_fnv.o
 .comment       0x00000000       0x3d build/e16_encx24j600_spiflash/production/_ext/1164207549/oahash.o
 .comment       0x00000000       0x3d build/e16_encx24j600_spiflash/production/_ext/1164207549/tcpip_heap_alloc.o
 .comment       0x00000000       0x3d build/e16_encx24j600_spiflash/production/_ext/1164207549/tcpip_helpers.o
 .comment       0x00000000       0x3d build/e16_encx24j600_spiflash/production/_ext/1164207549/tcpip_manager.o
 .comment       0x00000000       0x3d build/e16_encx24j600_spiflash/production/_ext/1164207549/tcpip_notify.o
 .comment       0x00000000       0x3d build/e16_encx24j600_spiflash/production/_ext/1164207549/tcpip_packet.o
 .comment       0x00000000       0x3d build/e16_encx24j600_spiflash/production/_ext/1164207549/ipv4.o
 .comment       0x00000000       0x3d build/e16_encx24j600_spiflash/production/_ext/1164207549/sntp.o
 .comment       0x00000000       0x3d build/e16_encx24j600_spiflash/production/_ext/1164207549/tcpip_heap_internal.o
 .comment       0x00000000       0x3d build/e16_encx24j600_spiflash/production/_ext/1164207549/icmp.o
 .comment       0x00000000       0x3d build/e16_encx24j600_spiflash/production/_ext/1164207549/dhcps.o
 .comment       0x00000000       0x3d build/e16_encx24j600_spiflash/production/_ext/1164207549/ddns.o
 .comment       0x00000000       0x3d build/e16_encx24j600_spiflash/production/_ext/1699919941/asm.o
 .comment       0x00000000       0x3d build/e16_encx24j600_spiflash/production/_ext/1699919941/blake2b.o
 .comment       0x00000000       0x3d build/e16_encx24j600_spiflash/production/_ext/1699919941/camellia.o
 .comment       0x00000000       0x3d build/e16_encx24j600_spiflash/production/_ext/1699919941/chacha.o
 .comment       0x00000000       0x3d build/e16_encx24j600_spiflash/production/_ext/1699919941/chacha20_poly1305.o
 .comment       0x00000000       0x3d build/e16_encx24j600_spiflash/production/_ext/1699919941/curve25519.o
 .comment       0x00000000       0x3d build/e16_encx24j600_spiflash/production/_ext/1699919941/dh.o
 .comment       0x00000000       0x3d build/e16_encx24j600_spiflash/production/_ext/1699919941/dsa.o
 .comment       0x00000000       0x3d build/e16_encx24j600_spiflash/production/_ext/1699919941/ecc_fp.o
 .comment       0x00000000       0x3d build/e16_encx24j600_spiflash/production/_ext/1699919941/ed25519.o
 .comment       0x00000000       0x3d build/e16_encx24j600_spiflash/production/_ext/1699919941/fe_low_mem.o
 .comment       0x00000000       0x3d build/e16_encx24j600_spiflash/production/_ext/1699919941/fe_operations.o
 .comment       0x00000000       0x3d build/e16_encx24j600_spiflash/production/_ext/1699919941/ge_low_mem.o
 .comment       0x00000000       0x3d build/e16_encx24j600_spiflash/production/_ext/1699919941/ge_operations.o
 .comment       0x00000000       0x3d build/e16_encx24j600_spiflash/production/_ext/1699919941/hc128.o
 .comment       0x00000000       0x3d build/e16_encx24j600_spiflash/production/_ext/1699919941/md2.o
 .comment       0x00000000       0x3d build/e16_encx24j600_spiflash/production/_ext/1699919941/md4.o
 .comment       0x00000000       0x3d build/e16_encx24j600_spiflash/production/_ext/1699919941/pkcs7.o
 .comment       0x00000000       0x3d build/e16_encx24j600_spiflash/production/_ext/1699919941/poly1305.o
 .comment       0x00000000       0x3d build/e16_encx24j600_spiflash/production/_ext/1699919941/rabbit.o
 .comment       0x00000000       0x3d build/e16_encx24j600_spiflash/production/_ext/1699919941/ripemd.o
 .comment       0x00000000       0x3d build/e16_encx24j600_spiflash/production/_ext/615233400/crl.o
 .comment       0x00000000       0x3d build/e16_encx24j600_spiflash/production/_ext/615233400/internal.o
 .comment       0x00000000       0x3d build/e16_encx24j600_spiflash/production/_ext/615233400/io.o
 .comment       0x00000000       0x3d build/e16_encx24j600_spiflash/production/_ext/615233400/keys.o
 .comment       0x00000000       0x3d build/e16_encx24j600_spiflash/production/_ext/615233400/ocsp.o
 .comment       0x00000000       0x3d build/e16_encx24j600_spiflash/production/_ext/615233400/sniffer.o
 .comment       0x00000000       0x3d build/e16_encx24j600_spiflash/production/_ext/615233400/ssl.o
 .comment       0x00000000       0x3d build/e16_encx24j600_spiflash/production/_ext/615233400/tls.o